#
# There is insufficient memory for the Java Runtime Environment to continue.
# Native memory allocation (malloc) failed to allocate 531888 bytes for Chunk::new
# Possible reasons:
#   The system is out of physical RAM or swap space
#   The process is running with CompressedOops enabled, and the Java Heap may be blocking the growth of the native heap
# Possible solutions:
#   Reduce memory load on the system
#   Increase physical memory or swap space
#   Check if swap backing store is full
#   Decrease Java heap size (-Xmx/-Xms)
#   Decrease number of Java threads
#   Decrease Java thread stack sizes (-Xss)
#   Set larger code cache with -XX:ReservedCodeCacheSize=
#   JVM is running with Zero Based Compressed Oops mode in which the Java heap is
#     placed in the first 32GB address space. The Java Heap base address is the
#     maximum limit for the native heap growth. Please use -XX:HeapBaseMinAddress
#     to set the Java Heap base and to place the Java Heap above 32GB virtual address.
# This output file may be truncated or incomplete.
#
#  Out of Memory Error (arena.cpp:189), pid=3168, tid=13840
#
# JRE version: OpenJDK Runtime Environment Corretto-17.0.4.9.1 (17.0.4.1+9) (build 17.0.4.1+9-LTS)
# Java VM: OpenJDK 64-Bit Server VM Corretto-17.0.4.9.1 (17.0.4.1+9-LTS, mixed mode, sharing, tiered, compressed oops, compressed class ptrs, g1 gc, windows-amd64)
# No core dump will be written. Minidumps are not enabled by default on client versions of Windows
#

---------------  S U M M A R Y ------------

Command Line: -javaagent:E:\intellij\IntelliJ IDEA Community Edition 2022.2.1\lib\idea_rt.jar=20891:E:\intellij\IntelliJ IDEA Community Edition 2022.2.1\bin -Dfile.encoding=UTF-8 com.example.torneos.TorneosApplication

Host: Intel(R) Core(TM) i7-7700HQ CPU @ 2.80GHz, 8 cores, 15G,  Windows 10 , 64 bit Build 19041 (10.0.19041.3155)
Time: Mon Jul 31 16:45:45 2023 Hora est. Pacífico, Sudamérica elapsed time: 3781.569139 seconds (0d 1h 3m 1s)

---------------  T H R E A D  ---------------

Current thread (0x000001d6b1ba58d0):  JavaThread "C2 CompilerThread0" daemon [_thread_in_native, id=13840, stack(0x0000008ae1800000,0x0000008ae1900000)]


Current CompileTask:
C2:3781569 11586   !   4       sun.nio.ch.IOUtil::read (133 bytes)

Stack: [0x0000008ae1800000,0x0000008ae1900000]
Native frames: (J=compiled Java code, j=interpreted, Vv=VM code, C=native code)
V  [jvm.dll+0x64724a]
V  [jvm.dll+0x7f87a4]
V  [jvm.dll+0x7f9f5e]
V  [jvm.dll+0x7fa5b3]
V  [jvm.dll+0x234ed8]
V  [jvm.dll+0xbce1b]
V  [jvm.dll+0xbd3ac]
V  [jvm.dll+0x34dc07]
V  [jvm.dll+0x1affa2]
V  [jvm.dll+0x20966f]
V  [jvm.dll+0x208b17]
V  [jvm.dll+0x198ded]
V  [jvm.dll+0x217eb9]
V  [jvm.dll+0x216104]
V  [jvm.dll+0x7b0d5b]
V  [jvm.dll+0x7ab31a]
V  [jvm.dll+0x6460f5]
C  [ucrtbase.dll+0x21bb2]
C  [KERNEL32.DLL+0x17614]
C  [ntdll.dll+0x526b1]


---------------  P R O C E S S  ---------------

Threads class SMR info:
_java_thread_list=0x000001d6b68c4700, length=32, elements={
0x000001d6b1b89fd0, 0x000001d6b1b8ae40, 0x000001d6b1b9c690, 0x000001d6b1b9d240,
0x000001d6b1b9ed00, 0x000001d6b1b9f6b0, 0x000001d6b1ba58d0, 0x000001d6b1bae2e0,
0x000001d6b1bb94b0, 0x000001d6b2633560, 0x000001d6b280e740, 0x000001d6b28abc60,
0x000001d6b6a3e240, 0x000001d6b6a91b90, 0x000001d6b59adba0, 0x000001d6b4c40a90,
0x000001d6b4c42c40, 0x000001d6b4c43110, 0x000001d6b4c405c0, 0x000001d6b4c41430,
0x000001d6b4c422a0, 0x000001d6b4c42770, 0x000001d6b4c435e0, 0x000001d6b4c41900,
0x000001d6b9517940, 0x000001d6b951c640, 0x000001d6b9519150, 0x000001d6b951a490,
0x000001d6b951b300, 0x000001d6b951cb10, 0x000001d6b951e7f0, 0x000001d6b9519fc0
}

Java Threads: ( => current thread )
  0x000001d6b1b89fd0 JavaThread "Reference Handler" daemon [_thread_blocked, id=19208, stack(0x0000008ae1200000,0x0000008ae1300000)]
  0x000001d6b1b8ae40 JavaThread "Finalizer" daemon [_thread_blocked, id=1080, stack(0x0000008ae1300000,0x0000008ae1400000)]
  0x000001d6b1b9c690 JavaThread "Signal Dispatcher" daemon [_thread_blocked, id=8304, stack(0x0000008ae1400000,0x0000008ae1500000)]
  0x000001d6b1b9d240 JavaThread "Attach Listener" daemon [_thread_blocked, id=15780, stack(0x0000008ae1500000,0x0000008ae1600000)]
  0x000001d6b1b9ed00 JavaThread "Service Thread" daemon [_thread_blocked, id=7500, stack(0x0000008ae1600000,0x0000008ae1700000)]
  0x000001d6b1b9f6b0 JavaThread "Monitor Deflation Thread" daemon [_thread_blocked, id=4672, stack(0x0000008ae1700000,0x0000008ae1800000)]
=>0x000001d6b1ba58d0 JavaThread "C2 CompilerThread0" daemon [_thread_in_native, id=13840, stack(0x0000008ae1800000,0x0000008ae1900000)]
  0x000001d6b1bae2e0 JavaThread "C1 CompilerThread0" daemon [_thread_blocked, id=7616, stack(0x0000008ae1900000,0x0000008ae1a00000)]
  0x000001d6b1bb94b0 JavaThread "Sweeper thread" daemon [_thread_blocked, id=10892, stack(0x0000008ae1a00000,0x0000008ae1b00000)]
  0x000001d6b2633560 JavaThread "Common-Cleaner" daemon [_thread_blocked, id=9536, stack(0x0000008ae1b00000,0x0000008ae1c00000)]
  0x000001d6b280e740 JavaThread "Monitor Ctrl-Break" daemon [_thread_in_native, id=10688, stack(0x0000008ae1e00000,0x0000008ae1f00000)]
  0x000001d6b28abc60 JavaThread "Notification Thread" daemon [_thread_blocked, id=19680, stack(0x0000008ae1f00000,0x0000008ae2000000)]
  0x000001d6b6a3e240 JavaThread "Catalina-utility-1" [_thread_blocked, id=6000, stack(0x0000008ae2b00000,0x0000008ae2c00000)]
  0x000001d6b6a91b90 JavaThread "Catalina-utility-2" [_thread_blocked, id=9120, stack(0x0000008ae2c00000,0x0000008ae2d00000)]
  0x000001d6b59adba0 JavaThread "container-0" [_thread_blocked, id=14996, stack(0x0000008ae2d00000,0x0000008ae2e00000)]
  0x000001d6b4c40a90 JavaThread "PostgreSQL-JDBC-Cleaner" daemon [_thread_blocked, id=20084, stack(0x0000008ae2f00000,0x0000008ae3000000)]
  0x000001d6b4c42c40 JavaThread "HikariPool-1 housekeeper" daemon [_thread_blocked, id=9824, stack(0x0000008ae3000000,0x0000008ae3100000)]
  0x000001d6b4c43110 JavaThread "File Watcher" daemon [_thread_blocked, id=1608, stack(0x0000008ae3200000,0x0000008ae3300000)]
  0x000001d6b4c405c0 JavaThread "Live Reload Server" daemon [_thread_in_native, id=2524, stack(0x0000008ae3400000,0x0000008ae3500000)]
  0x000001d6b4c41430 JavaThread "http-nio-8080-exec-1" daemon [_thread_blocked, id=5160, stack(0x0000008ae3300000,0x0000008ae3400000)]
  0x000001d6b4c422a0 JavaThread "http-nio-8080-exec-2" daemon [_thread_blocked, id=10632, stack(0x0000008ae3500000,0x0000008ae3600000)]
  0x000001d6b4c42770 JavaThread "http-nio-8080-exec-3" daemon [_thread_blocked, id=15548, stack(0x0000008ae3600000,0x0000008ae3700000)]
  0x000001d6b4c435e0 JavaThread "http-nio-8080-exec-4" daemon [_thread_blocked, id=10292, stack(0x0000008ae3700000,0x0000008ae3800000)]
  0x000001d6b4c41900 JavaThread "http-nio-8080-exec-5" daemon [_thread_blocked, id=9728, stack(0x0000008ae3800000,0x0000008ae3900000)]
  0x000001d6b9517940 JavaThread "http-nio-8080-exec-6" daemon [_thread_blocked, id=2688, stack(0x0000008ae3900000,0x0000008ae3a00000)]
  0x000001d6b951c640 JavaThread "http-nio-8080-exec-7" daemon [_thread_blocked, id=7920, stack(0x0000008ae3a00000,0x0000008ae3b00000)]
  0x000001d6b9519150 JavaThread "http-nio-8080-exec-8" daemon [_thread_blocked, id=10344, stack(0x0000008ae3b00000,0x0000008ae3c00000)]
  0x000001d6b951a490 JavaThread "http-nio-8080-exec-9" daemon [_thread_blocked, id=17156, stack(0x0000008ae3c00000,0x0000008ae3d00000)]
  0x000001d6b951b300 JavaThread "http-nio-8080-exec-10" daemon [_thread_blocked, id=19848, stack(0x0000008ae3d00000,0x0000008ae3e00000)]
  0x000001d6b951cb10 JavaThread "http-nio-8080-Poller" daemon [_thread_in_native, id=10988, stack(0x0000008ae3e00000,0x0000008ae3f00000)]
  0x000001d6b951e7f0 JavaThread "http-nio-8080-Acceptor" daemon [_thread_in_native, id=4728, stack(0x0000008ae3f00000,0x0000008ae4000000)]
  0x000001d6b9519fc0 JavaThread "DestroyJavaVM" [_thread_blocked, id=11508, stack(0x0000008ae0b00000,0x0000008ae0c00000)]

Other Threads:
  0x000001d6b1b863e0 VMThread "VM Thread" [stack: 0x0000008ae1100000,0x0000008ae1200000] [id=8844]
  0x000001d68ec65960 WatcherThread [stack: 0x0000008ae2000000,0x0000008ae2100000] [id=16840]
  0x000001d68ec4bd10 GCTaskThread "GC Thread#0" [stack: 0x0000008ae0c00000,0x0000008ae0d00000] [id=13268]
  0x000001d6b2c1b700 GCTaskThread "GC Thread#1" [stack: 0x0000008ae2300000,0x0000008ae2400000] [id=19284]
  0x000001d6b30fa840 GCTaskThread "GC Thread#2" [stack: 0x0000008ae2400000,0x0000008ae2500000] [id=6396]
  0x000001d6b32eb430 GCTaskThread "GC Thread#3" [stack: 0x0000008ae2500000,0x0000008ae2600000] [id=6672]
  0x000001d6b33bbc40 GCTaskThread "GC Thread#4" [stack: 0x0000008ae2600000,0x0000008ae2700000] [id=2548]
  0x000001d6b2c05e80 GCTaskThread "GC Thread#5" [stack: 0x0000008ae2700000,0x0000008ae2800000] [id=3096]
  0x000001d6b3916c40 GCTaskThread "GC Thread#6" [stack: 0x0000008ae2900000,0x0000008ae2a00000] [id=16208]
  0x000001d6b3f45b40 GCTaskThread "GC Thread#7" [stack: 0x0000008ae2a00000,0x0000008ae2b00000] [id=12220]
  0x000001d68ec5ca60 ConcurrentGCThread "G1 Main Marker" [stack: 0x0000008ae0d00000,0x0000008ae0e00000] [id=14204]
  0x000001d68ec5f0c0 ConcurrentGCThread "G1 Conc#0" [stack: 0x0000008ae0e00000,0x0000008ae0f00000] [id=11496]
  0x000001d6b510b1d0 ConcurrentGCThread "G1 Conc#1" [stack: 0x0000008ae2800000,0x0000008ae2900000] [id=9172]
  0x000001d6b1a434e0 ConcurrentGCThread "G1 Refine#0" [stack: 0x0000008ae0f00000,0x0000008ae1000000] [id=14392]
  0x000001d6b1a43f00 ConcurrentGCThread "G1 Service" [stack: 0x0000008ae1000000,0x0000008ae1100000] [id=13160]

Threads with active compile tasks:
C2 CompilerThread0  3781612 11586   !   4       sun.nio.ch.IOUtil::read (133 bytes)

VM state: not at safepoint (normal execution)

VM Mutex/Monitor currently owned by a thread: None

Heap address: 0x0000000701e00000, size: 4066 MB, Compressed Oops mode: Zero based, Oop shift amount: 3

CDS archive(s) mapped at: [0x0000000800000000-0x0000000800bc0000-0x0000000800bc0000), size 12320768, SharedBaseAddress: 0x0000000800000000, ArchiveRelocationMode: 0.
Compressed class space mapped at: 0x0000000800c00000-0x0000000840c00000, reserved size: 1073741824
Narrow klass base: 0x0000000800000000, Narrow klass shift: 0, Narrow klass range: 0x100000000

GC Precious Log:
 CPUs: 8 total, 8 available
 Memory: 16259M
 Large Page Support: Disabled
 NUMA Support: Disabled
 Compressed Oops: Enabled (Zero based)
 Heap Region Size: 2M
 Heap Min Capacity: 8M
 Heap Initial Capacity: 256M
 Heap Max Capacity: 4066M
 Pre-touch: Disabled
 Parallel Workers: 8
 Concurrent Workers: 2
 Concurrent Refinement Workers: 8
 Periodic GC: Disabled

Heap:
 garbage-first heap   total 102400K, used 53733K [0x0000000701e00000, 0x0000000800000000)
  region size 2048K, 15 young (30720K), 1 survivors (2048K)
 Metaspace       used 66915K, committed 67456K, reserved 1114112K
  class space    used 8764K, committed 9024K, reserved 1048576K

Heap Regions: E=young(eden), S=young(survivor), O=old, HS=humongous(starts), HC=humongous(continues), CS=collection set, F=free, OA=open archive, CA=closed archive, TAMS=top-at-mark-start (previous, next)
|   0|0x0000000701e00000, 0x0000000702000000, 0x0000000702000000|100%| O|  |TAMS 0x0000000702000000, 0x0000000701e00000| Untracked 
|   1|0x0000000702000000, 0x0000000702200000, 0x0000000702200000|100%| O|  |TAMS 0x0000000702200000, 0x0000000702000000| Untracked 
|   2|0x0000000702200000, 0x0000000702400000, 0x0000000702400000|100%| O|  |TAMS 0x0000000702400000, 0x0000000702200000| Untracked 
|   3|0x0000000702400000, 0x0000000702600000, 0x0000000702600000|100%| O|  |TAMS 0x0000000702600000, 0x0000000702400000| Untracked 
|   4|0x0000000702600000, 0x0000000702800000, 0x0000000702800000|100%| O|  |TAMS 0x0000000702800000, 0x0000000702600000| Untracked 
|   5|0x0000000702800000, 0x0000000702a00000, 0x0000000702a00000|100%| O|  |TAMS 0x0000000702a00000, 0x0000000702800000| Untracked 
|   6|0x0000000702a00000, 0x0000000702c00000, 0x0000000702c00000|100%| O|  |TAMS 0x0000000702c00000, 0x0000000702a00000| Untracked 
|   7|0x0000000702c00000, 0x0000000702e00000, 0x0000000702e00000|100%| O|  |TAMS 0x0000000702e00000, 0x0000000702c00000| Untracked 
|   8|0x0000000702e00000, 0x0000000703000000, 0x0000000703000000|100%| O|  |TAMS 0x0000000702e00000, 0x0000000702e00000| Untracked 
|   9|0x0000000703000000, 0x0000000703200000, 0x0000000703200000|100%| O|  |TAMS 0x0000000703200000, 0x0000000703000000| Untracked 
|  10|0x0000000703200000, 0x0000000703298800, 0x0000000703400000| 29%| O|  |TAMS 0x0000000703277600, 0x0000000703200000| Untracked 
|  11|0x0000000703400000, 0x0000000703600000, 0x0000000703600000|100%| O|  |TAMS 0x0000000703400000, 0x0000000703400000| Untracked 
|  12|0x0000000703600000, 0x0000000703800000, 0x0000000703800000|100%| O|  |TAMS 0x0000000703600000, 0x0000000703600000| Untracked 
|  13|0x0000000703800000, 0x0000000703a00000, 0x0000000703a00000|100%| O|  |TAMS 0x0000000703800000, 0x0000000703800000| Untracked 
|  14|0x0000000703a00000, 0x0000000703bd1c00, 0x0000000703c00000| 90%| O|  |TAMS 0x0000000703a00000, 0x0000000703a00000| Untracked 
|  15|0x0000000703c00000, 0x0000000703c00000, 0x0000000703e00000|  0%| F|  |TAMS 0x0000000703c00000, 0x0000000703c00000| Untracked 
|  16|0x0000000703e00000, 0x0000000703e00000, 0x0000000704000000|  0%| F|  |TAMS 0x0000000703e00000, 0x0000000703e00000| Untracked 
|  17|0x0000000704000000, 0x0000000704000000, 0x0000000704200000|  0%| F|  |TAMS 0x0000000704000000, 0x0000000704000000| Untracked 
|  18|0x0000000704200000, 0x0000000704200000, 0x0000000704400000|  0%| F|  |TAMS 0x0000000704200000, 0x0000000704200000| Untracked 
|  19|0x0000000704400000, 0x0000000704400000, 0x0000000704600000|  0%| F|  |TAMS 0x0000000704400000, 0x0000000704400000| Untracked 
|  20|0x0000000704600000, 0x000000070460f0f0, 0x0000000704800000|  2%| S|CS|TAMS 0x0000000704600000, 0x0000000704600000| Complete 
|  21|0x0000000704800000, 0x0000000704800000, 0x0000000704a00000|  0%| F|  |TAMS 0x0000000704800000, 0x0000000704800000| Untracked 
|  22|0x0000000704a00000, 0x0000000704a00000, 0x0000000704c00000|  0%| F|  |TAMS 0x0000000704a00000, 0x0000000704a00000| Untracked 
|  23|0x0000000704c00000, 0x0000000704c00000, 0x0000000704e00000|  0%| F|  |TAMS 0x0000000704c00000, 0x0000000704c00000| Untracked 
|  24|0x0000000704e00000, 0x0000000704e00000, 0x0000000705000000|  0%| F|  |TAMS 0x0000000704e00000, 0x0000000704e00000| Untracked 
|  25|0x0000000705000000, 0x0000000705000000, 0x0000000705200000|  0%| F|  |TAMS 0x0000000705000000, 0x0000000705000000| Untracked 
|  26|0x0000000705200000, 0x0000000705200000, 0x0000000705400000|  0%| F|  |TAMS 0x0000000705200000, 0x0000000705200000| Untracked 
|  27|0x0000000705400000, 0x0000000705400000, 0x0000000705600000|  0%| F|  |TAMS 0x0000000705400000, 0x0000000705400000| Untracked 
|  28|0x0000000705600000, 0x0000000705600000, 0x0000000705800000|  0%| F|  |TAMS 0x0000000705600000, 0x0000000705600000| Untracked 
|  29|0x0000000705800000, 0x0000000705800000, 0x0000000705a00000|  0%| F|  |TAMS 0x0000000705800000, 0x0000000705800000| Untracked 
|  30|0x0000000705a00000, 0x0000000705a00000, 0x0000000705c00000|  0%| F|  |TAMS 0x0000000705a00000, 0x0000000705a00000| Untracked 
|  31|0x0000000705c00000, 0x0000000705c00000, 0x0000000705e00000|  0%| F|  |TAMS 0x0000000705c00000, 0x0000000705c00000| Untracked 
|  32|0x0000000705e00000, 0x0000000705e00000, 0x0000000706000000|  0%| F|  |TAMS 0x0000000705e00000, 0x0000000705e00000| Untracked 
|  33|0x0000000706000000, 0x0000000706000000, 0x0000000706200000|  0%| F|  |TAMS 0x0000000706000000, 0x0000000706000000| Untracked 
|  34|0x0000000706200000, 0x0000000706200000, 0x0000000706400000|  0%| F|  |TAMS 0x0000000706200000, 0x0000000706200000| Untracked 
|  35|0x0000000706400000, 0x0000000706400000, 0x0000000706600000|  0%| F|  |TAMS 0x0000000706400000, 0x0000000706400000| Untracked 
|  36|0x0000000706600000, 0x00000007066824e8, 0x0000000706800000| 25%| E|  |TAMS 0x0000000706600000, 0x0000000706600000| Complete 
|  37|0x0000000706800000, 0x0000000706a00000, 0x0000000706a00000|100%| E|CS|TAMS 0x0000000706800000, 0x0000000706800000| Complete 
|  38|0x0000000706a00000, 0x0000000706c00000, 0x0000000706c00000|100%| E|CS|TAMS 0x0000000706a00000, 0x0000000706a00000| Complete 
|  39|0x0000000706c00000, 0x0000000706e00000, 0x0000000706e00000|100%| E|CS|TAMS 0x0000000706c00000, 0x0000000706c00000| Complete 
|  40|0x0000000706e00000, 0x0000000707000000, 0x0000000707000000|100%| E|CS|TAMS 0x0000000706e00000, 0x0000000706e00000| Complete 
|  41|0x0000000707000000, 0x0000000707200000, 0x0000000707200000|100%| E|CS|TAMS 0x0000000707000000, 0x0000000707000000| Complete 
|  42|0x0000000707200000, 0x0000000707400000, 0x0000000707400000|100%| E|  |TAMS 0x0000000707200000, 0x0000000707200000| Complete 
|  43|0x0000000707400000, 0x0000000707600000, 0x0000000707600000|100%| E|CS|TAMS 0x0000000707400000, 0x0000000707400000| Complete 
|  44|0x0000000707600000, 0x0000000707800000, 0x0000000707800000|100%| E|CS|TAMS 0x0000000707600000, 0x0000000707600000| Complete 
|  56|0x0000000708e00000, 0x0000000709000000, 0x0000000709000000|100%| E|CS|TAMS 0x0000000708e00000, 0x0000000708e00000| Complete 
|  57|0x0000000709000000, 0x0000000709200000, 0x0000000709200000|100%| E|CS|TAMS 0x0000000709000000, 0x0000000709000000| Complete 
|  58|0x0000000709200000, 0x0000000709400000, 0x0000000709400000|100%| E|CS|TAMS 0x0000000709200000, 0x0000000709200000| Complete 
|  59|0x0000000709400000, 0x0000000709600000, 0x0000000709600000|100%| E|CS|TAMS 0x0000000709400000, 0x0000000709400000| Complete 
| 127|0x0000000711c00000, 0x0000000711e00000, 0x0000000711e00000|100%| E|CS|TAMS 0x0000000711c00000, 0x0000000711c00000| Complete 

Card table byte_map: [0x000001d6a6220000,0x000001d6a6a20000] _byte_map_base: 0x000001d6a2a11000

Marking Bits (Prev, Next): (CMBitMap*) 0x000001d68ec4c360, (CMBitMap*) 0x000001d68ec4c320
 Prev Bits: [0x000001d6ab1b0000, 0x000001d6af138000)
 Next Bits: [0x000001d6a7220000, 0x000001d6ab1a8000)

Polling page: 0x000001d68cb90000

Metaspace:

Usage:
  Non-class:     56.79 MB used.
      Class:      8.56 MB used.
       Both:     65.35 MB used.

Virtual space:
  Non-class space:       64.00 MB reserved,      57.06 MB ( 89%) committed,  8 nodes.
      Class space:        1.00 GB reserved,       8.81 MB ( <1%) committed,  1 nodes.
             Both:        1.06 GB reserved,      65.88 MB (  6%) committed. 

Chunk freelists:
   Non-Class:  2.22 MB
       Class:  3.21 MB
        Both:  5.43 MB

MaxMetaspaceSize: unlimited
CompressedClassSpaceSize: 1.00 GB
Initial GC threshold: 21.00 MB
Current GC threshold: 98.38 MB
CDS: on
MetaspaceReclaimPolicy: balanced
 - commit_granule_bytes: 65536.
 - commit_granule_words: 8192.
 - virtual_space_node_default_size: 1048576.
 - enlarge_chunks_in_place: 1.
 - new_chunks_are_fully_committed: 0.
 - uncommit_free_chunks: 1.
 - use_allocation_guard: 0.
 - handle_deallocations: 1.


Internal statistics:

num_allocs_failed_limit: 9.
num_arena_births: 810.
num_arena_deaths: 0.
num_vsnodes_births: 9.
num_vsnodes_deaths: 0.
num_space_committed: 1054.
num_space_uncommitted: 0.
num_chunks_returned_to_freelist: 9.
num_chunks_taken_from_freelist: 3293.
num_chunk_merges: 9.
num_chunk_splits: 2380.
num_chunks_enlarged: 1854.
num_purges: 0.
num_inconsistent_stats: 0.

CodeHeap 'non-profiled nmethods': size=120000Kb used=10543Kb max_used=10543Kb free=109456Kb
 bounds [0x000001d69e1c0000, 0x000001d69ec10000, 0x000001d6a56f0000]
CodeHeap 'profiled nmethods': size=120000Kb used=15798Kb max_used=19631Kb free=104201Kb
 bounds [0x000001d696c90000, 0x000001d697fc0000, 0x000001d69e1c0000]
CodeHeap 'non-nmethods': size=5760Kb used=1333Kb max_used=1454Kb free=4426Kb
 bounds [0x000001d6966f0000, 0x000001d696960000, 0x000001d696c90000]
 total_blobs=9934 nmethods=9273 adapters=572
 compilation: enabled
              stopped_count=0, restarted_count=0
 full_count=0

Compilation events (20 events):
Event: 3776.276 Thread 0x000001d6b1ba58d0 nmethod 11579 0x000001d69ec0ac10 code [0x000001d69ec0ada0, 0x000001d69ec0b158]
Event: 3776.276 Thread 0x000001d6b1ba58d0 11580       4       java.lang.Integer::toUnsignedString0 (76 bytes)
Event: 3776.286 Thread 0x000001d6b1ba58d0 nmethod 11580 0x000001d69ec0b310 code [0x000001d69ec0b4a0, 0x000001d69ec0b998]
Event: 3781.249 Thread 0x000001d6b1bae2e0 11581       1       java.util.Calendar::getZone (5 bytes)
Event: 3781.250 Thread 0x000001d6b1bae2e0 nmethod 11581 0x000001d69ec0bc10 code [0x000001d69ec0bda0, 0x000001d69ec0be78]
Event: 3781.262 Thread 0x000001d6b1bae2e0 11582       3       java.net.InetSocketAddress::getAddress (8 bytes)
Event: 3781.262 Thread 0x000001d6b1bae2e0 nmethod 11582 0x000001d69725fc90 code [0x000001d69725fe20, 0x000001d69725ff58]
Event: 3781.443 Thread 0x000001d6b1bae2e0 11583       3       org.apache.coyote.Request::updateCounters (8 bytes)
Event: 3781.444 Thread 0x000001d6b1bae2e0 nmethod 11583 0x000001d69705a110 code [0x000001d69705a2c0, 0x000001d69705a408]
Event: 3781.471 Thread 0x000001d6b1bae2e0 11584       3       java.lang.invoke.VarHandleInts$FieldInstanceReadWrite::compareAndSet (32 bytes)
Event: 3781.471 Thread 0x000001d6b1bae2e0 nmethod 11584 0x000001d6970a1090 code [0x000001d6970a1280, 0x000001d6970a1848]
Event: 3781.483 Thread 0x000001d6b1bae2e0 11585   !   3       org.apache.coyote.http11.Http11InputBuffer::fill (435 bytes)
Event: 3781.486 Thread 0x000001d6b1bae2e0 nmethod 11585 0x000001d697fa6f90 code [0x000001d697fa7420, 0x000001d697fa95d8]
Event: 3781.506 Thread 0x000001d6b1ba58d0 11586   !   4       sun.nio.ch.IOUtil::read (133 bytes)
Event: 3781.556 Thread 0x000001d6b1bae2e0 11588       3       java.net.SocketImpl::<init> (5 bytes)
Event: 3781.557 Thread 0x000001d6b1bae2e0 nmethod 11588 0x000001d69727ae10 code [0x000001d69727afa0, 0x000001d69727b0f8]
Event: 3781.561 Thread 0x000001d6b1bae2e0 11589   !   3       sun.nio.ch.SocketChannelImpl::setOption (185 bytes)
Event: 3781.563 Thread 0x000001d6b1bae2e0 nmethod 11589 0x000001d697380d90 code [0x000001d6973811e0, 0x000001d697383018]
Event: 3781.563 Thread 0x000001d6b1bae2e0 11590       3       sun.nio.ch.SocketChannelImpl::supportedOptions (15 bytes)
Event: 3781.564 Thread 0x000001d6b1bae2e0 nmethod 11590 0x000001d6973cdc90 code [0x000001d6973cde40, 0x000001d6973ce098]

GC Heap History (20 events):
Event: 3769.778 GC heap before
{Heap before GC invocations=56 (full 0):
 garbage-first heap   total 102400K, used 84398K [0x0000000701e00000, 0x0000000800000000)
  region size 2048K, 29 young (59392K), 1 survivors (2048K)
 Metaspace       used 66904K, committed 67456K, reserved 1114112K
  class space    used 8763K, committed 9024K, reserved 1048576K
}
Event: 3769.778 GC heap after
{Heap after GC invocations=57 (full 0):
 garbage-first heap   total 102400K, used 29104K [0x0000000701e00000, 0x0000000800000000)
  region size 2048K, 1 young (2048K), 1 survivors (2048K)
 Metaspace       used 66904K, committed 67456K, reserved 1114112K
  class space    used 8763K, committed 9024K, reserved 1048576K
}
Event: 3770.881 GC heap before
{Heap before GC invocations=57 (full 0):
 garbage-first heap   total 102400K, used 84400K [0x0000000701e00000, 0x0000000800000000)
  region size 2048K, 29 young (59392K), 1 survivors (2048K)
 Metaspace       used 66905K, committed 67456K, reserved 1114112K
  class space    used 8763K, committed 9024K, reserved 1048576K
}
Event: 3770.881 GC heap after
{Heap after GC invocations=58 (full 0):
 garbage-first heap   total 102400K, used 29112K [0x0000000701e00000, 0x0000000800000000)
  region size 2048K, 1 young (2048K), 1 survivors (2048K)
 Metaspace       used 66905K, committed 67456K, reserved 1114112K
  class space    used 8763K, committed 9024K, reserved 1048576K
}
Event: 3772.089 GC heap before
{Heap before GC invocations=58 (full 0):
 garbage-first heap   total 102400K, used 84408K [0x0000000701e00000, 0x0000000800000000)
  region size 2048K, 29 young (59392K), 1 survivors (2048K)
 Metaspace       used 66907K, committed 67456K, reserved 1114112K
  class space    used 8763K, committed 9024K, reserved 1048576K
}
Event: 3772.090 GC heap after
{Heap after GC invocations=59 (full 0):
 garbage-first heap   total 102400K, used 29128K [0x0000000701e00000, 0x0000000800000000)
  region size 2048K, 1 young (2048K), 1 survivors (2048K)
 Metaspace       used 66907K, committed 67456K, reserved 1114112K
  class space    used 8763K, committed 9024K, reserved 1048576K
}
Event: 3773.384 GC heap before
{Heap before GC invocations=59 (full 0):
 garbage-first heap   total 102400K, used 84424K [0x0000000701e00000, 0x0000000800000000)
  region size 2048K, 29 young (59392K), 1 survivors (2048K)
 Metaspace       used 66910K, committed 67456K, reserved 1114112K
  class space    used 8763K, committed 9024K, reserved 1048576K
}
Event: 3773.384 GC heap after
{Heap after GC invocations=60 (full 0):
 garbage-first heap   total 102400K, used 29095K [0x0000000701e00000, 0x0000000800000000)
  region size 2048K, 1 young (2048K), 1 survivors (2048K)
 Metaspace       used 66910K, committed 67456K, reserved 1114112K
  class space    used 8763K, committed 9024K, reserved 1048576K
}
Event: 3775.172 GC heap before
{Heap before GC invocations=60 (full 0):
 garbage-first heap   total 102400K, used 84391K [0x0000000701e00000, 0x0000000800000000)
  region size 2048K, 29 young (59392K), 1 survivors (2048K)
 Metaspace       used 66912K, committed 67456K, reserved 1114112K
  class space    used 8764K, committed 9024K, reserved 1048576K
}
Event: 3775.173 GC heap after
{Heap after GC invocations=61 (full 0):
 garbage-first heap   total 102400K, used 29130K [0x0000000701e00000, 0x0000000800000000)
  region size 2048K, 1 young (2048K), 1 survivors (2048K)
 Metaspace       used 66912K, committed 67456K, reserved 1114112K
  class space    used 8764K, committed 9024K, reserved 1048576K
}
Event: 3776.336 GC heap before
{Heap before GC invocations=61 (full 0):
 garbage-first heap   total 102400K, used 84426K [0x0000000701e00000, 0x0000000800000000)
  region size 2048K, 29 young (59392K), 1 survivors (2048K)
 Metaspace       used 66912K, committed 67456K, reserved 1114112K
  class space    used 8764K, committed 9024K, reserved 1048576K
}
Event: 3776.337 GC heap after
{Heap after GC invocations=62 (full 0):
 garbage-first heap   total 102400K, used 29138K [0x0000000701e00000, 0x0000000800000000)
  region size 2048K, 1 young (2048K), 1 survivors (2048K)
 Metaspace       used 66912K, committed 67456K, reserved 1114112K
  class space    used 8764K, committed 9024K, reserved 1048576K
}
Event: 3777.572 GC heap before
{Heap before GC invocations=62 (full 0):
 garbage-first heap   total 102400K, used 84434K [0x0000000701e00000, 0x0000000800000000)
  region size 2048K, 29 young (59392K), 1 survivors (2048K)
 Metaspace       used 66912K, committed 67456K, reserved 1114112K
  class space    used 8764K, committed 9024K, reserved 1048576K
}
Event: 3777.573 GC heap after
{Heap after GC invocations=63 (full 0):
 garbage-first heap   total 102400K, used 29123K [0x0000000701e00000, 0x0000000800000000)
  region size 2048K, 1 young (2048K), 1 survivors (2048K)
 Metaspace       used 66912K, committed 67456K, reserved 1114112K
  class space    used 8764K, committed 9024K, reserved 1048576K
}
Event: 3778.851 GC heap before
{Heap before GC invocations=63 (full 0):
 garbage-first heap   total 102400K, used 84419K [0x0000000701e00000, 0x0000000800000000)
  region size 2048K, 29 young (59392K), 1 survivors (2048K)
 Metaspace       used 66912K, committed 67456K, reserved 1114112K
  class space    used 8764K, committed 9024K, reserved 1048576K
}
Event: 3778.852 GC heap after
{Heap after GC invocations=64 (full 0):
 garbage-first heap   total 102400K, used 29157K [0x0000000701e00000, 0x0000000800000000)
  region size 2048K, 1 young (2048K), 1 survivors (2048K)
 Metaspace       used 66912K, committed 67456K, reserved 1114112K
  class space    used 8764K, committed 9024K, reserved 1048576K
}
Event: 3780.020 GC heap before
{Heap before GC invocations=64 (full 0):
 garbage-first heap   total 102400K, used 84453K [0x0000000701e00000, 0x0000000800000000)
  region size 2048K, 29 young (59392K), 1 survivors (2048K)
 Metaspace       used 66912K, committed 67456K, reserved 1114112K
  class space    used 8764K, committed 9024K, reserved 1048576K
}
Event: 3780.021 GC heap after
{Heap after GC invocations=65 (full 0):
 garbage-first heap   total 102400K, used 29115K [0x0000000701e00000, 0x0000000800000000)
  region size 2048K, 1 young (2048K), 1 survivors (2048K)
 Metaspace       used 66912K, committed 67456K, reserved 1114112K
  class space    used 8764K, committed 9024K, reserved 1048576K
}
Event: 3781.071 GC heap before
{Heap before GC invocations=65 (full 0):
 garbage-first heap   total 102400K, used 84411K [0x0000000701e00000, 0x0000000800000000)
  region size 2048K, 29 young (59392K), 1 survivors (2048K)
 Metaspace       used 66912K, committed 67456K, reserved 1114112K
  class space    used 8764K, committed 9024K, reserved 1048576K
}
Event: 3781.072 GC heap after
{Heap after GC invocations=66 (full 0):
 garbage-first heap   total 102400K, used 29157K [0x0000000701e00000, 0x0000000800000000)
  region size 2048K, 1 young (2048K), 1 survivors (2048K)
 Metaspace       used 66912K, committed 67456K, reserved 1114112K
  class space    used 8764K, committed 9024K, reserved 1048576K
}

Deoptimization events (20 events):
Event: 3753.483 Thread 0x000001d6b4c42770 Uncommon trap: trap_request=0xffffffbe fr.pc=0x000001d69eb20ab4 relative=0x0000000000006054
Event: 3753.483 Thread 0x000001d6b4c42770 Uncommon trap: reason=profile_predicate action=maybe_recompile pc=0x000001d69eb20ab4 method=java.util.concurrent.ConcurrentHashMap$Traverser.advance()Ljava/util/concurrent/ConcurrentHashMap$Node; @ 15 c2
Event: 3753.483 Thread 0x000001d6b4c42770 DEOPT PACKING pc=0x000001d69eb20ab4 sp=0x0000008ae36fde80
Event: 3753.483 Thread 0x000001d6b4c42770 DEOPT UNPACKING pc=0x000001d6967423a3 sp=0x0000008ae36fda60 mode 2
Event: 3753.486 Thread 0x000001d6b951a490 Uncommon trap: trap_request=0xffffffbe fr.pc=0x000001d69eb20ab4 relative=0x0000000000006054
Event: 3753.486 Thread 0x000001d6b951a490 Uncommon trap: reason=profile_predicate action=maybe_recompile pc=0x000001d69eb20ab4 method=java.util.concurrent.ConcurrentHashMap$Traverser.advance()Ljava/util/concurrent/ConcurrentHashMap$Node; @ 15 c2
Event: 3753.487 Thread 0x000001d6b951a490 DEOPT PACKING pc=0x000001d69eb20ab4 sp=0x0000008ae3cfe070
Event: 3753.487 Thread 0x000001d6b951a490 DEOPT UNPACKING pc=0x000001d6967423a3 sp=0x0000008ae3cfdc50 mode 2
Event: 3753.490 Thread 0x000001d6b4c41430 Uncommon trap: trap_request=0xffffffbe fr.pc=0x000001d69eb20ab4 relative=0x0000000000006054
Event: 3753.490 Thread 0x000001d6b4c41430 Uncommon trap: reason=profile_predicate action=maybe_recompile pc=0x000001d69eb20ab4 method=java.util.concurrent.ConcurrentHashMap$Traverser.advance()Ljava/util/concurrent/ConcurrentHashMap$Node; @ 15 c2
Event: 3753.490 Thread 0x000001d6b4c41430 DEOPT PACKING pc=0x000001d69eb20ab4 sp=0x0000008ae33fe390
Event: 3753.490 Thread 0x000001d6b4c41430 DEOPT UNPACKING pc=0x000001d6967423a3 sp=0x0000008ae33fdf70 mode 2
Event: 3781.423 Thread 0x000001d6b9517940 Uncommon trap: trap_request=0xffffff45 fr.pc=0x000001d69e878578 relative=0x0000000000002e38
Event: 3781.423 Thread 0x000001d6b9517940 Uncommon trap: reason=unstable_if action=reinterpret pc=0x000001d69e878578 method=org.apache.tomcat.util.net.NioEndpoint$NioSocketWrapper.fillReadBuffer(ZLjava/nio/ByteBuffer;)I @ 217 c2
Event: 3781.423 Thread 0x000001d6b9517940 DEOPT PACKING pc=0x000001d69e878578 sp=0x0000008ae39ff140
Event: 3781.423 Thread 0x000001d6b9517940 DEOPT UNPACKING pc=0x000001d6967423a3 sp=0x0000008ae39ff028 mode 2
Event: 3781.423 Thread 0x000001d6b9517940 Uncommon trap: trap_request=0xffffff45 fr.pc=0x000001d69e9f78e8 relative=0x0000000000001988
Event: 3781.423 Thread 0x000001d6b9517940 Uncommon trap: reason=unstable_if action=reinterpret pc=0x000001d69e9f78e8 method=org.apache.coyote.http11.Http11Processor.service(Lorg/apache/tomcat/util/net/SocketWrapperBase;)Lorg/apache/tomcat/util/net/AbstractEndpoint$Handler$SocketState; @ 1153 c2
Event: 3781.423 Thread 0x000001d6b9517940 DEOPT PACKING pc=0x000001d69e9f78e8 sp=0x0000008ae39ff2a0
Event: 3781.423 Thread 0x000001d6b9517940 DEOPT UNPACKING pc=0x000001d6967423a3 sp=0x0000008ae39ff240 mode 2

Classes unloaded (0 events):
No events

Classes redefined (0 events):
No events

Internal exceptions (20 events):
Event: 3781.474 Thread 0x000001d6b9519150 Exception <a 'java/net/SocketException'{0x0000000706f30df8}: Connection reset by peer: shutdown> (0x0000000706f30df8) 
thrown [s\src\hotspot\share\prims\jni.cpp, line 535]
Event: 3781.478 Thread 0x000001d6b9517940 Exception <a 'java/net/SocketException'{0x000000070716a610}: Connection reset by peer: shutdown> (0x000000070716a610) 
thrown [s\src\hotspot\share\prims\jni.cpp, line 535]
Event: 3781.483 Thread 0x000001d6b4c435e0 Exception <a 'java/net/SocketException'{0x00000007071d9fc8}: Connection reset by peer: shutdown> (0x00000007071d9fc8) 
thrown [s\src\hotspot\share\prims\jni.cpp, line 535]
Event: 3781.487 Thread 0x000001d6b4c42770 Exception <a 'java/net/SocketException'{0x0000000706e4ca90}: Connection reset by peer: shutdown> (0x0000000706e4ca90) 
thrown [s\src\hotspot\share\prims\jni.cpp, line 535]
Event: 3781.491 Thread 0x000001d6b4c41430 Exception <a 'java/net/SocketException'{0x0000000706eb51f8}: Connection reset by peer: shutdown> (0x0000000706eb51f8) 
thrown [s\src\hotspot\share\prims\jni.cpp, line 535]
Event: 3781.495 Thread 0x000001d6b9519150 Exception <a 'java/net/SocketException'{0x0000000706f31458}: Connection reset by peer: shutdown> (0x0000000706f31458) 
thrown [s\src\hotspot\share\prims\jni.cpp, line 535]
Event: 3781.501 Thread 0x000001d6b9517940 Exception <a 'java/net/SocketException'{0x000000070716ac70}: Connection reset by peer: shutdown> (0x000000070716ac70) 
thrown [s\src\hotspot\share\prims\jni.cpp, line 535]
Event: 3781.505 Thread 0x000001d6b4c435e0 Exception <a 'java/net/SocketException'{0x00000007071da628}: Connection reset by peer: shutdown> (0x00000007071da628) 
thrown [s\src\hotspot\share\prims\jni.cpp, line 535]
Event: 3781.509 Thread 0x000001d6b4c42770 Exception <a 'java/net/SocketException'{0x0000000706e4d0f0}: Connection reset by peer: shutdown> (0x0000000706e4d0f0) 
thrown [s\src\hotspot\share\prims\jni.cpp, line 535]
Event: 3781.513 Thread 0x000001d6b4c41430 Exception <a 'java/net/SocketException'{0x0000000706eb5858}: Connection reset by peer: shutdown> (0x0000000706eb5858) 
thrown [s\src\hotspot\share\prims\jni.cpp, line 535]
Event: 3781.519 Thread 0x000001d6b9519150 Exception <a 'java/net/SocketException'{0x0000000706f31ab8}: Connection reset by peer: shutdown> (0x0000000706f31ab8) 
thrown [s\src\hotspot\share\prims\jni.cpp, line 535]
Event: 3781.525 Thread 0x000001d6b9517940 Exception <a 'java/net/SocketException'{0x000000070716b2d0}: Connection reset by peer: shutdown> (0x000000070716b2d0) 
thrown [s\src\hotspot\share\prims\jni.cpp, line 535]
Event: 3781.529 Thread 0x000001d6b4c435e0 Exception <a 'java/net/SocketException'{0x00000007071dac88}: Connection reset by peer: shutdown> (0x00000007071dac88) 
thrown [s\src\hotspot\share\prims\jni.cpp, line 535]
Event: 3781.534 Thread 0x000001d6b4c42770 Exception <a 'java/net/SocketException'{0x0000000706e4d750}: Connection reset by peer: shutdown> (0x0000000706e4d750) 
thrown [s\src\hotspot\share\prims\jni.cpp, line 535]
Event: 3781.540 Thread 0x000001d6b4c41430 Exception <a 'java/net/SocketException'{0x0000000706eb5eb8}: Connection reset by peer: shutdown> (0x0000000706eb5eb8) 
thrown [s\src\hotspot\share\prims\jni.cpp, line 535]
Event: 3781.544 Thread 0x000001d6b9519150 Exception <a 'java/net/SocketException'{0x0000000706f32118}: Connection reset by peer: shutdown> (0x0000000706f32118) 
thrown [s\src\hotspot\share\prims\jni.cpp, line 535]
Event: 3781.548 Thread 0x000001d6b9517940 Exception <a 'java/net/SocketException'{0x000000070716b930}: Connection reset by peer: shutdown> (0x000000070716b930) 
thrown [s\src\hotspot\share\prims\jni.cpp, line 535]
Event: 3781.553 Thread 0x000001d6b4c435e0 Exception <a 'java/net/SocketException'{0x00000007071db2e8}: Connection reset by peer: shutdown> (0x00000007071db2e8) 
thrown [s\src\hotspot\share\prims\jni.cpp, line 535]
Event: 3781.560 Thread 0x000001d6b4c42770 Exception <a 'java/net/SocketException'{0x0000000706e4ddb0}: Connection reset by peer: shutdown> (0x0000000706e4ddb0) 
thrown [s\src\hotspot\share\prims\jni.cpp, line 535]
Event: 3781.564 Thread 0x000001d6b4c41430 Exception <a 'java/net/SocketException'{0x0000000706eb6518}: Connection reset by peer: shutdown> (0x0000000706eb6518) 
thrown [s\src\hotspot\share\prims\jni.cpp, line 535]

VM Operations (20 events):
Event: 3769.778 Executing VM operation: G1CollectForAllocation
Event: 3769.779 Executing VM operation: G1CollectForAllocation done
Event: 3770.881 Executing VM operation: G1CollectForAllocation
Event: 3770.881 Executing VM operation: G1CollectForAllocation done
Event: 3772.089 Executing VM operation: G1CollectForAllocation
Event: 3772.090 Executing VM operation: G1CollectForAllocation done
Event: 3773.384 Executing VM operation: G1CollectForAllocation
Event: 3773.384 Executing VM operation: G1CollectForAllocation done
Event: 3775.172 Executing VM operation: G1CollectForAllocation
Event: 3775.173 Executing VM operation: G1CollectForAllocation done
Event: 3776.336 Executing VM operation: G1CollectForAllocation
Event: 3776.337 Executing VM operation: G1CollectForAllocation done
Event: 3777.572 Executing VM operation: G1CollectForAllocation
Event: 3777.573 Executing VM operation: G1CollectForAllocation done
Event: 3778.851 Executing VM operation: G1CollectForAllocation
Event: 3778.852 Executing VM operation: G1CollectForAllocation done
Event: 3780.020 Executing VM operation: G1CollectForAllocation
Event: 3780.021 Executing VM operation: G1CollectForAllocation done
Event: 3781.071 Executing VM operation: G1CollectForAllocation
Event: 3781.072 Executing VM operation: G1CollectForAllocation done

Events (20 events):
Event: 3751.301 Thread 0x000001d6b1bb94b0 flushing nmethod 0x000001d697fbb210
Event: 3752.888 Thread 0x000001d6b5084160 Thread added: 0x000001d6b5084160
Event: 3754.847 Thread 0x000001d6b5084160 Thread exited: 0x000001d6b5084160
Event: 3754.894 Thread 0x000001d6b5084160 Thread added: 0x000001d6b5084160
Event: 3755.267 Thread 0x000001d6b5084160 Thread exited: 0x000001d6b5084160
Event: 3755.285 Thread 0x000001d6b5084160 Thread added: 0x000001d6b5084160
Event: 3756.058 Thread 0x000001d6b5084160 Thread exited: 0x000001d6b5084160
Event: 3756.458 Thread 0x000001d6b5084160 Thread added: 0x000001d6b5084160
Event: 3756.838 Thread 0x000001d6b68990d0 Thread added: 0x000001d6b68990d0
Event: 3757.027 Thread 0x000001d6b1bb94b0 flushing nmethod 0x000001d697cac890
Event: 3757.027 Thread 0x000001d6b1bb94b0 flushing nmethod 0x000001d697cb1910
Event: 3757.028 Thread 0x000001d6b1bb94b0 flushing nmethod 0x000001d697d44090
Event: 3757.180 Thread 0x000001d6b68990d0 Thread exited: 0x000001d6b68990d0
Event: 3757.372 Thread 0x000001d6b5084160 Thread exited: 0x000001d6b5084160
Event: 3757.559 Thread 0x000001d6b9486c40 Thread added: 0x000001d6b9486c40
Event: 3758.612 Thread 0x000001d6b9486c40 Thread exited: 0x000001d6b9486c40
Event: 3759.946 Thread 0x000001d6b948a900 Thread added: 0x000001d6b948a900
Event: 3759.946 Thread 0x000001d6b9487150 Thread added: 0x000001d6b9487150
Event: 3761.649 Thread 0x000001d6b9487150 Thread exited: 0x000001d6b9487150
Event: 3762.164 Thread 0x000001d6b948a900 Thread exited: 0x000001d6b948a900


Dynamic libraries:
0x00007ff7617a0000 - 0x00007ff7617ad000 	C:\Users\joan_\.jdks\corretto-17.0.4.1\bin\java.exe
0x00007ffbe74f0000 - 0x00007ffbe76e8000 	C:\WINDOWS\SYSTEM32\ntdll.dll
0x00007ffbe5630000 - 0x00007ffbe56ef000 	C:\WINDOWS\System32\KERNEL32.DLL
0x00007ffbe5250000 - 0x00007ffbe5546000 	C:\WINDOWS\System32\KERNELBASE.dll
0x00007ffbe4f10000 - 0x00007ffbe5010000 	C:\WINDOWS\System32\ucrtbase.dll
0x00007ffbc5f90000 - 0x00007ffbc5fa8000 	C:\Users\joan_\.jdks\corretto-17.0.4.1\bin\jli.dll
0x00007ffbc3010000 - 0x00007ffbc3025000 	C:\Users\joan_\.jdks\corretto-17.0.4.1\bin\VCRUNTIME140.dll
0x00007ffbe5980000 - 0x00007ffbe5b1d000 	C:\WINDOWS\System32\USER32.dll
0x00007ffbe4d20000 - 0x00007ffbe4d42000 	C:\WINDOWS\System32\win32u.dll
0x00007ffbe57a0000 - 0x00007ffbe57cc000 	C:\WINDOWS\System32\GDI32.dll
0x00007ffbd2890000 - 0x00007ffbd2b2a000 	C:\WINDOWS\WinSxS\amd64_microsoft.windows.common-controls_6595b64144ccf1df_6.0.19041.1110_none_60b5254171f9507e\COMCTL32.dll
0x00007ffbe4df0000 - 0x00007ffbe4f05000 	C:\WINDOWS\System32\gdi32full.dll
0x00007ffbe6fd0000 - 0x00007ffbe706e000 	C:\WINDOWS\System32\msvcrt.dll
0x00007ffbe4d50000 - 0x00007ffbe4ded000 	C:\WINDOWS\System32\msvcp_win.dll
0x00007ffbe5600000 - 0x00007ffbe5630000 	C:\WINDOWS\System32\IMM32.DLL
0x00007ffb990d0000 - 0x00007ffb9916b000 	C:\Users\joan_\.jdks\corretto-17.0.4.1\bin\msvcp140.dll
0x00007ffb97c50000 - 0x00007ffb98864000 	C:\Users\joan_\.jdks\corretto-17.0.4.1\bin\server\jvm.dll
0x00007ffbe56f0000 - 0x00007ffbe579f000 	C:\WINDOWS\System32\ADVAPI32.dll
0x00007ffbe6df0000 - 0x00007ffbe6e8c000 	C:\WINDOWS\System32\sechost.dll
0x00007ffbe5bd0000 - 0x00007ffbe5cf6000 	C:\WINDOWS\System32\RPCRT4.dll
0x00007ffbe7070000 - 0x00007ffbe7078000 	C:\WINDOWS\System32\PSAPI.DLL
0x00007ffbcacd0000 - 0x00007ffbcacd9000 	C:\WINDOWS\SYSTEM32\WSOCK32.dll
0x00007ffbda650000 - 0x00007ffbda65a000 	C:\WINDOWS\SYSTEM32\VERSION.dll
0x00007ffbd4730000 - 0x00007ffbd4757000 	C:\WINDOWS\SYSTEM32\WINMM.dll
0x00007ffbe7440000 - 0x00007ffbe74ab000 	C:\WINDOWS\System32\WS2_32.dll
0x00007ffbe2a40000 - 0x00007ffbe2a52000 	C:\WINDOWS\SYSTEM32\kernel.appcore.dll
0x00007ffbcb1e0000 - 0x00007ffbcb1ea000 	C:\Users\joan_\.jdks\corretto-17.0.4.1\bin\jimage.dll
0x00007ffbca280000 - 0x00007ffbca464000 	C:\WINDOWS\SYSTEM32\DBGHELP.DLL
0x00007ffbca1b0000 - 0x00007ffbca1e4000 	C:\WINDOWS\SYSTEM32\dbgcore.DLL
0x00007ffbe4c90000 - 0x00007ffbe4d12000 	C:\WINDOWS\System32\bcryptPrimitives.dll
0x00007ffbe0a30000 - 0x00007ffbe0a3e000 	C:\Users\joan_\.jdks\corretto-17.0.4.1\bin\instrument.dll
0x00007ffbba980000 - 0x00007ffbba9a5000 	C:\Users\joan_\.jdks\corretto-17.0.4.1\bin\java.dll
0x00007ffb98ff0000 - 0x00007ffb990c6000 	C:\Users\joan_\.jdks\corretto-17.0.4.1\bin\jsvml.dll
0x00007ffbe6470000 - 0x00007ffbe6bb4000 	C:\WINDOWS\System32\SHELL32.dll
0x00007ffbe2c40000 - 0x00007ffbe33d4000 	C:\WINDOWS\SYSTEM32\windows.storage.dll
0x00007ffbe70e0000 - 0x00007ffbe7434000 	C:\WINDOWS\System32\combase.dll
0x00007ffbe4610000 - 0x00007ffbe463e000 	C:\WINDOWS\SYSTEM32\Wldp.dll
0x00007ffbe5b20000 - 0x00007ffbe5bcd000 	C:\WINDOWS\System32\SHCORE.dll
0x00007ffbe57d0000 - 0x00007ffbe5825000 	C:\WINDOWS\System32\shlwapi.dll
0x00007ffbe4b00000 - 0x00007ffbe4b25000 	C:\WINDOWS\SYSTEM32\profapi.dll
0x00007ffbbf9f0000 - 0x00007ffbbfa08000 	C:\Users\joan_\.jdks\corretto-17.0.4.1\bin\zip.dll
0x00007ffbc2050000 - 0x00007ffbc2069000 	C:\Users\joan_\.jdks\corretto-17.0.4.1\bin\net.dll
0x00007ffbda170000 - 0x00007ffbda27a000 	C:\WINDOWS\SYSTEM32\WINHTTP.dll
0x00007ffbe4370000 - 0x00007ffbe43da000 	C:\WINDOWS\system32\mswsock.dll
0x00007ffbc1a70000 - 0x00007ffbc1a85000 	C:\Users\joan_\.jdks\corretto-17.0.4.1\bin\nio.dll
0x00007ffbde060000 - 0x00007ffbde07a000 	E:\intellij\IntelliJ IDEA Community Edition 2022.2.1\bin\breakgen64.dll
0x00007ffbe06f0000 - 0x00007ffbe06f9000 	C:\Users\joan_\.jdks\corretto-17.0.4.1\bin\management.dll
0x00007ffbe06c0000 - 0x00007ffbe06cb000 	C:\Users\joan_\.jdks\corretto-17.0.4.1\bin\management_ext.dll
0x00007ffbe4560000 - 0x00007ffbe4578000 	C:\WINDOWS\SYSTEM32\CRYPTSP.dll
0x00007ffbe3bf0000 - 0x00007ffbe3c24000 	C:\WINDOWS\system32\rsaenh.dll
0x00007ffbe5220000 - 0x00007ffbe5247000 	C:\WINDOWS\System32\bcrypt.dll
0x00007ffbe4a80000 - 0x00007ffbe4aae000 	C:\WINDOWS\SYSTEM32\USERENV.dll
0x00007ffbe4580000 - 0x00007ffbe458c000 	C:\WINDOWS\SYSTEM32\CRYPTBASE.dll
0x00007ffbe3ff0000 - 0x00007ffbe402c000 	C:\WINDOWS\SYSTEM32\IPHLPAPI.DLL
0x00007ffbe6c30000 - 0x00007ffbe6c38000 	C:\WINDOWS\System32\NSI.dll
0x00007ffbdd540000 - 0x00007ffbdd557000 	C:\WINDOWS\SYSTEM32\dhcpcsvc6.DLL
0x00007ffbdd520000 - 0x00007ffbdd53d000 	C:\WINDOWS\SYSTEM32\dhcpcsvc.DLL
0x00007ffbe4040000 - 0x00007ffbe410a000 	C:\WINDOWS\SYSTEM32\DNSAPI.dll
0x00007ffbdf590000 - 0x00007ffbdf59e000 	C:\Users\joan_\.jdks\corretto-17.0.4.1\bin\sunmscapi.dll
0x00007ffbe50c0000 - 0x00007ffbe521e000 	C:\WINDOWS\System32\CRYPT32.dll
0x00007ffbe4680000 - 0x00007ffbe46a8000 	C:\WINDOWS\SYSTEM32\ncrypt.dll
0x00007ffbe4640000 - 0x00007ffbe467b000 	C:\WINDOWS\SYSTEM32\NTASN1.dll
0x00007ffbc7620000 - 0x00007ffbc7630000 	C:\Users\joan_\.jdks\corretto-17.0.4.1\bin\verify.dll
0x00007ffbd48a0000 - 0x00007ffbd48aa000 	C:\Windows\System32\rasadhlp.dll
0x00007ffbd3c40000 - 0x00007ffbd3cc2000 	C:\WINDOWS\System32\fwpuclnt.dll
0x00007ffbd48b0000 - 0x00007ffbd48b7000 	C:\WINDOWS\system32\wshunix.dll

dbghelp: loaded successfully - version: 4.0.5 - missing functions: none
symbol engine: initialized successfully - sym options: 0x614 - pdb path: .;C:\Users\joan_\.jdks\corretto-17.0.4.1\bin;C:\WINDOWS\SYSTEM32;C:\WINDOWS\WinSxS\amd64_microsoft.windows.common-controls_6595b64144ccf1df_6.0.19041.1110_none_60b5254171f9507e;C:\Users\joan_\.jdks\corretto-17.0.4.1\bin\server;E:\intellij\IntelliJ IDEA Community Edition 2022.2.1\bin

VM Arguments:
jvm_args: -javaagent:E:\intellij\IntelliJ IDEA Community Edition 2022.2.1\lib\idea_rt.jar=20891:E:\intellij\IntelliJ IDEA Community Edition 2022.2.1\bin -Dfile.encoding=UTF-8 
java_command: com.example.torneos.TorneosApplication
java_class_path (initial): E:\Angular\back-torneos\torneos\target\classes;C:\Users\joan_\.m2\repository\org\springframework\boot\spring-boot-starter-data-jpa\3.1.1\spring-boot-starter-data-jpa-3.1.1.jar;C:\Users\joan_\.m2\repository\org\springframework\boot\spring-boot-starter-aop\3.1.1\spring-boot-starter-aop-3.1.1.jar;C:\Users\joan_\.m2\repository\org\springframework\spring-aop\6.0.10\spring-aop-6.0.10.jar;C:\Users\joan_\.m2\repository\org\aspectj\aspectjweaver\1.9.19\aspectjweaver-1.9.19.jar;C:\Users\joan_\.m2\repository\org\springframework\boot\spring-boot-starter-jdbc\3.1.1\spring-boot-starter-jdbc-3.1.1.jar;C:\Users\joan_\.m2\repository\com\zaxxer\HikariCP\5.0.1\HikariCP-5.0.1.jar;C:\Users\joan_\.m2\repository\org\springframework\spring-jdbc\6.0.10\spring-jdbc-6.0.10.jar;C:\Users\joan_\.m2\repository\org\hibernate\orm\hibernate-core\6.2.5.Final\hibernate-core-6.2.5.Final.jar;C:\Users\joan_\.m2\repository\jakarta\persistence\jakarta.persistence-api\3.1.0\jakarta.persistence-api-3.1.0.jar;C:\Users\joan_\.m2\repository\jakarta\transaction\jakarta.transaction-api\2.0.1\jakarta.transaction-api-2.0.1.jar;C:\Users\joan_\.m2\repository\org\jboss\logging\jboss-logging\3.5.1.Final\jboss-logging-3.5.1.Final.jar;C:\Users\joan_\.m2\repository\org\hibernate\common\hibernate-commons-annotations\6.0.6.Final\hibernate-commons-annotations-6.0.6.Final.jar;C:\Users\joan_\.m2\repository\io\smallrye\jandex\3.0.5\jandex-3.0.5.jar;C:\Users\joan_\.m2\repository\com\fasterxml\classmate\1.5.1\classmate-1.5.1.jar;C:\Users\joan_\.m2\repository\net\bytebuddy\byte-buddy\1.14.5\byte-buddy-1.14.5.jar;C:\Users\joan_\.m2\repository\org\glassfish\jaxb\jaxb-runtime\4.0.3\jaxb-runtime-4.0.3.jar;C:\Users\joan_\.m2\repository\org\glassfish\jaxb\jaxb-core\4.0.3\jaxb-core-4.0.3.jar;C:\Users\joan_\.m2\repository\org\eclipse\angus\angus-activation\2.0.1\angus-activation-2.0.1.jar;C:\Users\joan_\.m2\repository\org\glassfish\jaxb\txw2\4.0.3\txw2-4.0.3.jar;C:\Users\joan_\.m2\repository\com\sun\istack\ist
Launcher Type: SUN_STANDARD

[Global flags]
     intx CICompilerCount                          = 4                                         {product} {ergonomic}
     uint ConcGCThreads                            = 2                                         {product} {ergonomic}
     uint G1ConcRefinementThreads                  = 8                                         {product} {ergonomic}
   size_t G1HeapRegionSize                         = 2097152                                   {product} {ergonomic}
    uintx GCDrainStackTargetSize                   = 64                                        {product} {ergonomic}
   size_t InitialHeapSize                          = 268435456                                 {product} {ergonomic}
   size_t MarkStackSize                            = 4194304                                   {product} {ergonomic}
   size_t MaxHeapSize                              = 4263510016                                {product} {ergonomic}
   size_t MaxNewSize                               = 2556428288                                {product} {ergonomic}
   size_t MinHeapDeltaBytes                        = 2097152                                   {product} {ergonomic}
   size_t MinHeapSize                              = 8388608                                   {product} {ergonomic}
    uintx NonNMethodCodeHeapSize                   = 5839372                                {pd product} {ergonomic}
    uintx NonProfiledCodeHeapSize                  = 122909434                              {pd product} {ergonomic}
    uintx ProfiledCodeHeapSize                     = 122909434                              {pd product} {ergonomic}
    uintx ReservedCodeCacheSize                    = 251658240                              {pd product} {ergonomic}
     bool SegmentedCodeCache                       = true                                      {product} {ergonomic}
   size_t SoftMaxHeapSize                          = 4263510016                             {manageable} {ergonomic}
     bool UseCompressedClassPointers               = true                           {product lp64_product} {ergonomic}
     bool UseCompressedOops                        = true                           {product lp64_product} {ergonomic}
     bool UseG1GC                                  = true                                      {product} {ergonomic}
     bool UseLargePagesIndividualAllocation        = false                                  {pd product} {ergonomic}

Logging:
Log output configuration:
 #0: stdout all=warning uptime,level,tags
 #1: stderr all=off uptime,level,tags

Environment Variables:
JAVA_HOME=C:\Program Files\Java\jdk1.8.0_221
PATH=C:\Program Files\Common Files\Oracle\Java\javapath;E:\oracle\dbhomeXE\bin;C:\WINDOWS\system32;C:\WINDOWS;C:\WINDOWS\System32\Wbem;C:\WINDOWS\System32\WindowsPowerShell\v1.0\;C:\WINDOWS\System32\OpenSSH\;C:\Program Files\Git\cmd;C:\xampp\php;C:\Program Files\Java\jdk1.8.0_221\bin;C:\Program Files\PostgreSQL\12\bin;C:\Program Files\nodejs\;C:\Users\joan_\AppData\Local\Microsoft\WindowsApps;C:\Users\joan_\AppData\Local\Programs\Microsoft VS Code\bin;C:\Program Files\Java\jdk1.8.0_221\bin;C:\Gradle\gradle-7.4.2\bin;E:\intellij\IntelliJ IDEA Community Edition 2022.2.1\bin;;C:\Users\joan_\AppData\Roaming\npm
USERNAME=joan_
OS=Windows_NT
PROCESSOR_IDENTIFIER=Intel64 Family 6 Model 158 Stepping 9, GenuineIntel
TMP=C:\Users\joan_\AppData\Local\Temp
TEMP=C:\Users\joan_\AppData\Local\Temp



---------------  S Y S T E M  ---------------

OS:
 Windows 10 , 64 bit Build 19041 (10.0.19041.3155)
OS uptime: 18 days 8:17 hours
Hyper-V role detected

CPU: total 8 (initial active 8) (4 cores per cpu, 2 threads per core) family 6 model 158 stepping 9 microcode 0xb4, cx8, cmov, fxsr, ht, mmx, 3dnowpref, sse, sse2, sse3, ssse3, sse4.1, sse4.2, popcnt, lzcnt, tsc, tscinvbit, avx, avx2, aes, erms, clmul, bmi1, bmi2, adx, fma, vzeroupper, clflush, clflushopt, hv

Memory: 4k page, system-wide physical 16259M (3725M free)
TotalPageFile size 35809M (AvailPageFile size 0M)
current process WorkingSet (physical memory assigned to process): 278M, peak: 341M
current process commit charge ("private bytes"): 320M, peak: 414M

vm_info: OpenJDK 64-Bit Server VM (17.0.4.1+9-LTS) for windows-amd64 JRE (17.0.4.1+9-LTS), built on Aug 12 2022 17:33:36 by "Administrator" with MS VC++ 15.9 (VS2017)

END.
