#
# There is insufficient memory for the Java Runtime Environment to continue.
# Native memory allocation (malloc) failed to allocate 295344 bytes for Chunk::new
# Possible reasons:
#   The system is out of physical RAM or swap space
#   The process is running with CompressedOops enabled, and the Java Heap may be blocking the growth of the native heap
# Possible solutions:
#   Reduce memory load on the system
#   Increase physical memory or swap space
#   Check if swap backing store is full
#   Decrease Java heap size (-Xmx/-Xms)
#   Decrease number of Java threads
#   Decrease Java thread stack sizes (-Xss)
#   Set larger code cache with -XX:ReservedCodeCacheSize=
#   JVM is running with Zero Based Compressed Oops mode in which the Java heap is
#     placed in the first 32GB address space. The Java Heap base address is the
#     maximum limit for the native heap growth. Please use -XX:HeapBaseMinAddress
#     to set the Java Heap base and to place the Java Heap above 32GB virtual address.
# This output file may be truncated or incomplete.
#
#  Out of Memory Error (arena.cpp:189), pid=10048, tid=11232
#
# JRE version: OpenJDK Runtime Environment Corretto-17.0.4.9.1 (17.0.4.1+9) (build 17.0.4.1+9-LTS)
# Java VM: OpenJDK 64-Bit Server VM Corretto-17.0.4.9.1 (17.0.4.1+9-LTS, mixed mode, sharing, tiered, compressed oops, compressed class ptrs, g1 gc, windows-amd64)
# No core dump will be written. Minidumps are not enabled by default on client versions of Windows
#

---------------  S U M M A R Y ------------

Command Line: -javaagent:E:\intellij\IntelliJ IDEA Community Edition 2022.2.1\lib\idea_rt.jar=26121:E:\intellij\IntelliJ IDEA Community Edition 2022.2.1\bin -Dfile.encoding=UTF-8 com.example.torneos.TorneosApplication

Host: Intel(R) Core(TM) i7-7700HQ CPU @ 2.80GHz, 8 cores, 15G,  Windows 10 , 64 bit Build 19041 (10.0.19041.3155)
Time: Mon Jul 31 16:50:46 2023 Hora est. Pacífico, Sudamérica elapsed time: 226.288629 seconds (0d 0h 3m 46s)

---------------  T H R E A D  ---------------

Current thread (0x0000023bad4117d0):  JavaThread "C2 CompilerThread0" daemon [_thread_in_native, id=11232, stack(0x000000b7d9b00000,0x000000b7d9c00000)]


Current CompileTask:
C2: 226288 11476   !   4       sun.nio.ch.IOUtil::read (133 bytes)

Stack: [0x000000b7d9b00000,0x000000b7d9c00000]
Native frames: (J=compiled Java code, j=interpreted, Vv=VM code, C=native code)
V  [jvm.dll+0x64724a]
V  [jvm.dll+0x7f87a4]
V  [jvm.dll+0x7f9f5e]
V  [jvm.dll+0x7fa5b3]
V  [jvm.dll+0x234ed8]
V  [jvm.dll+0xbce1b]
V  [jvm.dll+0xbd3ac]
V  [jvm.dll+0x34dc07]
V  [jvm.dll+0x31849f]
V  [jvm.dll+0x3178da]
V  [jvm.dll+0x209585]
V  [jvm.dll+0x208b17]
V  [jvm.dll+0x198ded]
V  [jvm.dll+0x217eb9]
V  [jvm.dll+0x216104]
V  [jvm.dll+0x7b0d5b]
V  [jvm.dll+0x7ab31a]
V  [jvm.dll+0x6460f5]
C  [ucrtbase.dll+0x21bb2]
C  [KERNEL32.DLL+0x17614]
C  [ntdll.dll+0x526b1]


---------------  P R O C E S S  ---------------

Threads class SMR info:
_java_thread_list=0x0000023bb25b7ca0, length=32, elements={
0x0000023bad3f83f0, 0x0000023bad3f9170, 0x0000023bad409990, 0x0000023bad40a450,
0x0000023bad40ce20, 0x0000023bad40d6e0, 0x0000023bad4117d0, 0x0000023bad41a5a0,
0x0000023bad427ac0, 0x0000023bad3e46a0, 0x0000023bae4f08b0, 0x0000023bae4f0d80,
0x0000023bafb8c920, 0x0000023bafb8ead0, 0x0000023bafb8c450, 0x0000023bafb8b110,
0x0000023bafb8b5e0, 0x0000023bafb8e130, 0x0000023bafb8e600, 0x0000023bb28645c0,
0x0000023bb2866770, 0x0000023bb2866c40, 0x0000023bb2865430, 0x0000023bb2865900,
0x0000023bb28675e0, 0x0000023bb2860c00, 0x0000023bb28615a0, 0x0000023bb2867110,
0x0000023bb2865dd0, 0x0000023bb2862410, 0x0000023bb2861a70, 0x0000023bb28662a0
}

Java Threads: ( => current thread )
  0x0000023bad3f83f0 JavaThread "Reference Handler" daemon [_thread_blocked, id=13940, stack(0x000000b7d9500000,0x000000b7d9600000)]
  0x0000023bad3f9170 JavaThread "Finalizer" daemon [_thread_blocked, id=17852, stack(0x000000b7d9600000,0x000000b7d9700000)]
  0x0000023bad409990 JavaThread "Signal Dispatcher" daemon [_thread_blocked, id=15148, stack(0x000000b7d9700000,0x000000b7d9800000)]
  0x0000023bad40a450 JavaThread "Attach Listener" daemon [_thread_blocked, id=16456, stack(0x000000b7d9800000,0x000000b7d9900000)]
  0x0000023bad40ce20 JavaThread "Service Thread" daemon [_thread_blocked, id=3444, stack(0x000000b7d9900000,0x000000b7d9a00000)]
  0x0000023bad40d6e0 JavaThread "Monitor Deflation Thread" daemon [_thread_blocked, id=16972, stack(0x000000b7d9a00000,0x000000b7d9b00000)]
=>0x0000023bad4117d0 JavaThread "C2 CompilerThread0" daemon [_thread_in_native, id=11232, stack(0x000000b7d9b00000,0x000000b7d9c00000)]
  0x0000023bad41a5a0 JavaThread "C1 CompilerThread0" daemon [_thread_blocked, id=3256, stack(0x000000b7d9c00000,0x000000b7d9d00000)]
  0x0000023bad427ac0 JavaThread "Sweeper thread" daemon [_thread_blocked, id=15784, stack(0x000000b7d9d00000,0x000000b7d9e00000)]
  0x0000023bad3e46a0 JavaThread "Common-Cleaner" daemon [_thread_blocked, id=8728, stack(0x000000b7d9e00000,0x000000b7d9f00000)]
  0x0000023bae4f08b0 JavaThread "Monitor Ctrl-Break" daemon [_thread_in_native, id=9308, stack(0x000000b7da000000,0x000000b7da100000)]
  0x0000023bae4f0d80 JavaThread "Notification Thread" daemon [_thread_blocked, id=13024, stack(0x000000b7da100000,0x000000b7da200000)]
  0x0000023bafb8c920 JavaThread "Catalina-utility-1" [_thread_blocked, id=14556, stack(0x000000b7db100000,0x000000b7db200000)]
  0x0000023bafb8ead0 JavaThread "Catalina-utility-2" [_thread_blocked, id=17868, stack(0x000000b7db200000,0x000000b7db300000)]
  0x0000023bafb8c450 JavaThread "container-0" [_thread_blocked, id=17332, stack(0x000000b7db300000,0x000000b7db400000)]
  0x0000023bafb8b110 JavaThread "PostgreSQL-JDBC-Cleaner" daemon [_thread_blocked, id=3412, stack(0x000000b7db500000,0x000000b7db600000)]
  0x0000023bafb8b5e0 JavaThread "HikariPool-1 housekeeper" daemon [_thread_blocked, id=12164, stack(0x000000b7db600000,0x000000b7db700000)]
  0x0000023bafb8e130 JavaThread "File Watcher" daemon [_thread_blocked, id=3816, stack(0x000000b7db800000,0x000000b7db900000)]
  0x0000023bafb8e600 JavaThread "Live Reload Server" daemon [_thread_in_native, id=4304, stack(0x000000b7dba00000,0x000000b7dbb00000)]
  0x0000023bb28645c0 JavaThread "http-nio-8080-exec-1" daemon [_thread_blocked, id=10920, stack(0x000000b7db900000,0x000000b7dba00000)]
  0x0000023bb2866770 JavaThread "http-nio-8080-exec-2" daemon [_thread_blocked, id=16636, stack(0x000000b7dbb00000,0x000000b7dbc00000)]
  0x0000023bb2866c40 JavaThread "http-nio-8080-exec-3" daemon [_thread_blocked, id=12664, stack(0x000000b7dbc00000,0x000000b7dbd00000)]
  0x0000023bb2865430 JavaThread "http-nio-8080-exec-4" daemon [_thread_in_native, id=10548, stack(0x000000b7dbd00000,0x000000b7dbe00000)]
  0x0000023bb2865900 JavaThread "http-nio-8080-exec-5" daemon [_thread_blocked, id=6836, stack(0x000000b7dbe00000,0x000000b7dbf00000)]
  0x0000023bb28675e0 JavaThread "http-nio-8080-exec-6" daemon [_thread_blocked, id=6640, stack(0x000000b7dbf00000,0x000000b7dc000000)]
  0x0000023bb2860c00 JavaThread "http-nio-8080-exec-7" daemon [_thread_blocked, id=14780, stack(0x000000b7dc000000,0x000000b7dc100000)]
  0x0000023bb28615a0 JavaThread "http-nio-8080-exec-8" daemon [_thread_blocked, id=19128, stack(0x000000b7dc100000,0x000000b7dc200000)]
  0x0000023bb2867110 JavaThread "http-nio-8080-exec-9" daemon [_thread_blocked, id=1680, stack(0x000000b7dc200000,0x000000b7dc300000)]
  0x0000023bb2865dd0 JavaThread "http-nio-8080-exec-10" daemon [_thread_blocked, id=16512, stack(0x000000b7dc300000,0x000000b7dc400000)]
  0x0000023bb2862410 JavaThread "http-nio-8080-Poller" daemon [_thread_in_native, id=8720, stack(0x000000b7dc400000,0x000000b7dc500000)]
  0x0000023bb2861a70 JavaThread "http-nio-8080-Acceptor" daemon [_thread_in_native, id=8780, stack(0x000000b7dc500000,0x000000b7dc600000)]
  0x0000023bb28662a0 JavaThread "DestroyJavaVM" [_thread_blocked, id=6008, stack(0x000000b7d8e00000,0x000000b7d8f00000)]

Other Threads:
  0x0000023bad3f38e0 VMThread "VM Thread" [stack: 0x000000b7d9400000,0x000000b7d9500000] [id=18004]
  0x0000023b8a4b6880 WatcherThread [stack: 0x000000b7da200000,0x000000b7da300000] [id=20000]
  0x0000023b8a49c200 GCTaskThread "GC Thread#0" [stack: 0x000000b7d8f00000,0x000000b7d9000000] [id=18176]
  0x0000023bae666bb0 GCTaskThread "GC Thread#1" [stack: 0x000000b7da500000,0x000000b7da600000] [id=14828]
  0x0000023bae666e60 GCTaskThread "GC Thread#2" [stack: 0x000000b7da600000,0x000000b7da700000] [id=17576]
  0x0000023bae667110 GCTaskThread "GC Thread#3" [stack: 0x000000b7da700000,0x000000b7da800000] [id=11772]
  0x0000023bae6673c0 GCTaskThread "GC Thread#4" [stack: 0x000000b7da800000,0x000000b7da900000] [id=14800]
  0x0000023bae667670 GCTaskThread "GC Thread#5" [stack: 0x000000b7da900000,0x000000b7daa00000] [id=1360]
  0x0000023baf65d420 GCTaskThread "GC Thread#6" [stack: 0x000000b7dac00000,0x000000b7dad00000] [id=12280]
  0x0000023baf264600 GCTaskThread "GC Thread#7" [stack: 0x000000b7dad00000,0x000000b7dae00000] [id=16836]
  0x0000023b8a4ae480 ConcurrentGCThread "G1 Main Marker" [stack: 0x000000b7d9000000,0x000000b7d9100000] [id=15836]
  0x0000023b8a4b05f0 ConcurrentGCThread "G1 Conc#0" [stack: 0x000000b7d9100000,0x000000b7d9200000] [id=14180]
  0x0000023bb0812e00 ConcurrentGCThread "G1 Conc#1" [stack: 0x000000b7daa00000,0x000000b7dab00000] [id=12660]
  0x0000023bad2b40e0 ConcurrentGCThread "G1 Refine#0" [stack: 0x000000b7d9200000,0x000000b7d9300000] [id=6196]
  0x0000023baf7e5cd0 ConcurrentGCThread "G1 Refine#1" [stack: 0x000000b7dae00000,0x000000b7daf00000] [id=12332]
  0x0000023bb0e2c020 ConcurrentGCThread "G1 Refine#2" [stack: 0x000000b7daf00000,0x000000b7db000000] [id=17400]
  0x0000023bb265ad10 ConcurrentGCThread "G1 Refine#3" [stack: 0x000000b7db000000,0x000000b7db100000] [id=3888]
  0x0000023bad2b4a10 ConcurrentGCThread "G1 Service" [stack: 0x000000b7d9300000,0x000000b7d9400000] [id=16468]

Threads with active compile tasks:
C2 CompilerThread0   226318 11476   !   4       sun.nio.ch.IOUtil::read (133 bytes)

VM state: not at safepoint (normal execution)

VM Mutex/Monitor currently owned by a thread: None

Heap address: 0x0000000701e00000, size: 4066 MB, Compressed Oops mode: Zero based, Oop shift amount: 3

CDS archive(s) mapped at: [0x0000000800000000-0x0000000800bc0000-0x0000000800bc0000), size 12320768, SharedBaseAddress: 0x0000000800000000, ArchiveRelocationMode: 0.
Compressed class space mapped at: 0x0000000800c00000-0x0000000840c00000, reserved size: 1073741824
Narrow klass base: 0x0000000800000000, Narrow klass shift: 0, Narrow klass range: 0x100000000

GC Precious Log:
 CPUs: 8 total, 8 available
 Memory: 16259M
 Large Page Support: Disabled
 NUMA Support: Disabled
 Compressed Oops: Enabled (Zero based)
 Heap Region Size: 2M
 Heap Min Capacity: 8M
 Heap Initial Capacity: 256M
 Heap Max Capacity: 4066M
 Pre-touch: Disabled
 Parallel Workers: 8
 Concurrent Workers: 2
 Concurrent Refinement Workers: 8
 Periodic GC: Disabled

Heap:
 garbage-first heap   total 110592K, used 58647K [0x0000000701e00000, 0x0000000800000000)
  region size 2048K, 17 young (34816K), 1 survivors (2048K)
 Metaspace       used 66691K, committed 67200K, reserved 1114112K
  class space    used 8716K, committed 8960K, reserved 1048576K

Heap Regions: E=young(eden), S=young(survivor), O=old, HS=humongous(starts), HC=humongous(continues), CS=collection set, F=free, OA=open archive, CA=closed archive, TAMS=top-at-mark-start (previous, next)
|   0|0x0000000701e00000, 0x0000000702000000, 0x0000000702000000|100%| O|  |TAMS 0x0000000702000000, 0x0000000701e00000| Untracked 
|   1|0x0000000702000000, 0x0000000702200000, 0x0000000702200000|100%| O|  |TAMS 0x0000000702200000, 0x0000000702000000| Untracked 
|   2|0x0000000702200000, 0x0000000702400000, 0x0000000702400000|100%| O|  |TAMS 0x0000000702400000, 0x0000000702200000| Untracked 
|   3|0x0000000702400000, 0x0000000702600000, 0x0000000702600000|100%| O|  |TAMS 0x0000000702600000, 0x0000000702400000| Untracked 
|   4|0x0000000702600000, 0x0000000702800000, 0x0000000702800000|100%| O|  |TAMS 0x0000000702800000, 0x0000000702600000| Untracked 
|   5|0x0000000702800000, 0x0000000702a00000, 0x0000000702a00000|100%| O|  |TAMS 0x0000000702a00000, 0x0000000702800000| Untracked 
|   6|0x0000000702a00000, 0x0000000702c00000, 0x0000000702c00000|100%| O|  |TAMS 0x0000000702c00000, 0x0000000702a00000| Untracked 
|   7|0x0000000702c00000, 0x0000000702e00000, 0x0000000702e00000|100%| O|  |TAMS 0x0000000702e00000, 0x0000000702c00000| Untracked 
|   8|0x0000000702e00000, 0x0000000703000000, 0x0000000703000000|100%| O|  |TAMS 0x0000000703000000, 0x0000000702e00000| Untracked 
|   9|0x0000000703000000, 0x0000000703200000, 0x0000000703200000|100%| O|  |TAMS 0x0000000703200000, 0x0000000703000000| Untracked 
|  10|0x0000000703200000, 0x0000000703400000, 0x0000000703400000|100%| O|  |TAMS 0x0000000703400000, 0x0000000703200000| Untracked 
|  11|0x0000000703400000, 0x0000000703600000, 0x0000000703600000|100%| O|  |TAMS 0x0000000703600000, 0x0000000703400000| Untracked 
|  12|0x0000000703600000, 0x0000000703779200, 0x0000000703800000| 73%| O|  |TAMS 0x0000000703779200, 0x0000000703600000| Untracked 
|  13|0x0000000703800000, 0x0000000703a00000, 0x0000000703a00000|100%| O|  |TAMS 0x0000000703800000, 0x0000000703800000| Untracked 
|  14|0x0000000703a00000, 0x0000000703bbbc00, 0x0000000703c00000| 86%| O|  |TAMS 0x0000000703a00000, 0x0000000703a00000| Untracked 
|  15|0x0000000703c00000, 0x0000000703c00000, 0x0000000703e00000|  0%| F|  |TAMS 0x0000000703c00000, 0x0000000703c00000| Untracked 
|  16|0x0000000703e00000, 0x0000000703e00000, 0x0000000704000000|  0%| F|  |TAMS 0x0000000703e00000, 0x0000000703e00000| Untracked 
|  17|0x0000000704000000, 0x0000000704000000, 0x0000000704200000|  0%| F|  |TAMS 0x0000000704000000, 0x0000000704000000| Untracked 
|  18|0x0000000704200000, 0x0000000704200000, 0x0000000704400000|  0%| F|  |TAMS 0x0000000704200000, 0x0000000704200000| Untracked 
|  19|0x0000000704400000, 0x0000000704400000, 0x0000000704600000|  0%| F|  |TAMS 0x0000000704400000, 0x0000000704400000| Untracked 
|  20|0x0000000704600000, 0x0000000704600000, 0x0000000704800000|  0%| F|  |TAMS 0x0000000704600000, 0x0000000704600000| Untracked 
|  21|0x0000000704800000, 0x0000000704800000, 0x0000000704a00000|  0%| F|  |TAMS 0x0000000704800000, 0x0000000704800000| Untracked 
|  22|0x0000000704a00000, 0x0000000704a11130, 0x0000000704c00000|  3%| S|CS|TAMS 0x0000000704a00000, 0x0000000704a00000| Complete 
|  23|0x0000000704c00000, 0x0000000704c00000, 0x0000000704e00000|  0%| F|  |TAMS 0x0000000704c00000, 0x0000000704c00000| Untracked 
|  24|0x0000000704e00000, 0x0000000704e00000, 0x0000000705000000|  0%| F|  |TAMS 0x0000000704e00000, 0x0000000704e00000| Untracked 
|  25|0x0000000705000000, 0x0000000705000000, 0x0000000705200000|  0%| F|  |TAMS 0x0000000705000000, 0x0000000705000000| Untracked 
|  26|0x0000000705200000, 0x0000000705200000, 0x0000000705400000|  0%| F|  |TAMS 0x0000000705200000, 0x0000000705200000| Untracked 
|  27|0x0000000705400000, 0x0000000705400000, 0x0000000705600000|  0%| F|  |TAMS 0x0000000705400000, 0x0000000705400000| Untracked 
|  28|0x0000000705600000, 0x0000000705600000, 0x0000000705800000|  0%| F|  |TAMS 0x0000000705600000, 0x0000000705600000| Untracked 
|  29|0x0000000705800000, 0x0000000705800000, 0x0000000705a00000|  0%| F|  |TAMS 0x0000000705800000, 0x0000000705800000| Untracked 
|  30|0x0000000705a00000, 0x0000000705a00000, 0x0000000705c00000|  0%| F|  |TAMS 0x0000000705a00000, 0x0000000705a00000| Untracked 
|  31|0x0000000705c00000, 0x0000000705c00000, 0x0000000705e00000|  0%| F|  |TAMS 0x0000000705c00000, 0x0000000705c00000| Untracked 
|  32|0x0000000705e00000, 0x0000000705e00000, 0x0000000706000000|  0%| F|  |TAMS 0x0000000705e00000, 0x0000000705e00000| Untracked 
|  33|0x0000000706000000, 0x0000000706000000, 0x0000000706200000|  0%| F|  |TAMS 0x0000000706000000, 0x0000000706000000| Untracked 
|  34|0x0000000706200000, 0x0000000706200000, 0x0000000706400000|  0%| F|  |TAMS 0x0000000706200000, 0x0000000706200000| Untracked 
|  35|0x0000000706400000, 0x0000000706400000, 0x0000000706600000|  0%| F|  |TAMS 0x0000000706400000, 0x0000000706400000| Untracked 
|  36|0x0000000706600000, 0x0000000706600000, 0x0000000706800000|  0%| F|  |TAMS 0x0000000706600000, 0x0000000706600000| Untracked 
|  37|0x0000000706800000, 0x0000000706800000, 0x0000000706a00000|  0%| F|  |TAMS 0x0000000706800000, 0x0000000706800000| Untracked 
|  38|0x0000000706a00000, 0x0000000706bacbd8, 0x0000000706c00000| 83%| E|  |TAMS 0x0000000706a00000, 0x0000000706a00000| Complete 
|  39|0x0000000706c00000, 0x0000000706e00000, 0x0000000706e00000|100%| E|CS|TAMS 0x0000000706c00000, 0x0000000706c00000| Complete 
|  40|0x0000000706e00000, 0x0000000707000000, 0x0000000707000000|100%| E|CS|TAMS 0x0000000706e00000, 0x0000000706e00000| Complete 
|  41|0x0000000707000000, 0x0000000707200000, 0x0000000707200000|100%| E|CS|TAMS 0x0000000707000000, 0x0000000707000000| Complete 
|  42|0x0000000707200000, 0x0000000707400000, 0x0000000707400000|100%| E|CS|TAMS 0x0000000707200000, 0x0000000707200000| Complete 
|  43|0x0000000707400000, 0x0000000707600000, 0x0000000707600000|100%| E|  |TAMS 0x0000000707400000, 0x0000000707400000| Complete 
|  44|0x0000000707600000, 0x0000000707800000, 0x0000000707800000|100%| E|CS|TAMS 0x0000000707600000, 0x0000000707600000| Complete 
|  45|0x0000000707800000, 0x0000000707a00000, 0x0000000707a00000|100%| E|CS|TAMS 0x0000000707800000, 0x0000000707800000| Complete 
|  46|0x0000000707a00000, 0x0000000707c00000, 0x0000000707c00000|100%| E|CS|TAMS 0x0000000707a00000, 0x0000000707a00000| Complete 
|  47|0x0000000707c00000, 0x0000000707e00000, 0x0000000707e00000|100%| E|CS|TAMS 0x0000000707c00000, 0x0000000707c00000| Complete 
|  48|0x0000000707e00000, 0x0000000708000000, 0x0000000708000000|100%| E|CS|TAMS 0x0000000707e00000, 0x0000000707e00000| Complete 
|  49|0x0000000708000000, 0x0000000708200000, 0x0000000708200000|100%| E|CS|TAMS 0x0000000708000000, 0x0000000708000000| Complete 
|  50|0x0000000708200000, 0x0000000708400000, 0x0000000708400000|100%| E|CS|TAMS 0x0000000708200000, 0x0000000708200000| Complete 
|  51|0x0000000708400000, 0x0000000708600000, 0x0000000708600000|100%| E|CS|TAMS 0x0000000708400000, 0x0000000708400000| Complete 
|  52|0x0000000708600000, 0x0000000708800000, 0x0000000708800000|100%| E|CS|TAMS 0x0000000708600000, 0x0000000708600000| Complete 
| 127|0x0000000711c00000, 0x0000000711e00000, 0x0000000711e00000|100%| E|CS|TAMS 0x0000000711c00000, 0x0000000711c00000| Complete 

Card table byte_map: [0x0000023ba1a80000,0x0000023ba2280000] _byte_map_base: 0x0000023b9e271000

Marking Bits (Prev, Next): (CMBitMap*) 0x0000023b8a49d730, (CMBitMap*) 0x0000023b8a49d770
 Prev Bits: [0x0000023ba2a80000, 0x0000023ba6a08000)
 Next Bits: [0x0000023ba6a10000, 0x0000023baa998000)

Polling page: 0x0000023b88410000

Metaspace:

Usage:
  Non-class:     56.62 MB used.
      Class:      8.51 MB used.
       Both:     65.13 MB used.

Virtual space:
  Non-class space:       64.00 MB reserved,      56.88 MB ( 89%) committed,  8 nodes.
      Class space:        1.00 GB reserved,       8.75 MB ( <1%) committed,  1 nodes.
             Both:        1.06 GB reserved,      65.63 MB (  6%) committed. 

Chunk freelists:
   Non-Class:  2.50 MB
       Class:  3.25 MB
        Both:  5.75 MB

MaxMetaspaceSize: unlimited
CompressedClassSpaceSize: 1.00 GB
Initial GC threshold: 21.00 MB
Current GC threshold: 104.19 MB
CDS: on
MetaspaceReclaimPolicy: balanced
 - commit_granule_bytes: 65536.
 - commit_granule_words: 8192.
 - virtual_space_node_default_size: 1048576.
 - enlarge_chunks_in_place: 1.
 - new_chunks_are_fully_committed: 0.
 - uncommit_free_chunks: 1.
 - use_allocation_guard: 0.
 - handle_deallocations: 1.


Internal statistics:

num_allocs_failed_limit: 12.
num_arena_births: 802.
num_arena_deaths: 2.
num_vsnodes_births: 9.
num_vsnodes_deaths: 0.
num_space_committed: 1050.
num_space_uncommitted: 0.
num_chunks_returned_to_freelist: 15.
num_chunks_taken_from_freelist: 3280.
num_chunk_merges: 12.
num_chunk_splits: 2362.
num_chunks_enlarged: 1837.
num_purges: 2.
num_inconsistent_stats: 0.

CodeHeap 'non-profiled nmethods': size=120000Kb used=10393Kb max_used=10393Kb free=109606Kb
 bounds [0x0000023b99a10000, 0x0000023b9a440000, 0x0000023ba0f40000]
CodeHeap 'profiled nmethods': size=120000Kb used=15566Kb max_used=19851Kb free=104433Kb
 bounds [0x0000023b924e0000, 0x0000023b93860000, 0x0000023b99a10000]
CodeHeap 'non-nmethods': size=5760Kb used=1329Kb max_used=1459Kb free=4430Kb
 bounds [0x0000023b91f40000, 0x0000023b921b0000, 0x0000023b924e0000]
 total_blobs=9866 nmethods=9205 adapters=571
 compilation: enabled
              stopped_count=0, restarted_count=0
 full_count=0

Compilation events (20 events):
Event: 226.223 Thread 0x0000023bad41a5a0 nmethod 11460 0x0000023b92ae6490 code [0x0000023b92ae6780, 0x0000023b92ae73e8]
Event: 226.225 Thread 0x0000023bad41a5a0 11467   !   3       org.apache.tomcat.util.net.NioEndpoint$NioSocketWrapper::doClose (295 bytes)
Event: 226.227 Thread 0x0000023bad41a5a0 nmethod 11467 0x0000023b93573190 code [0x0000023b93573680, 0x0000023b93576ca8]
Event: 226.227 Thread 0x0000023bad41a5a0 11472   !   3       org.apache.coyote.http11.Http11InputBuffer::fill (435 bytes)
Event: 226.229 Thread 0x0000023bad41a5a0 nmethod 11472 0x0000023b93173390 code [0x0000023b93173820, 0x0000023b931759d8]
Event: 226.229 Thread 0x0000023bad41a5a0 11469   !   3       java.nio.channels.spi.AbstractSelectableChannel::removeKey (71 bytes)
Event: 226.229 Thread 0x0000023bad41a5a0 nmethod 11469 0x0000023b9285e610 code [0x0000023b9285e7e0, 0x0000023b9285ee78]
Event: 226.229 Thread 0x0000023bad41a5a0 11471       3       sun.nio.ch.SocketDispatcher::invalidateAndClose (46 bytes)
Event: 226.230 Thread 0x0000023bad41a5a0 nmethod 11471 0x0000023b929f7590 code [0x0000023b929f7760, 0x0000023b929f7bf8]
Event: 226.230 Thread 0x0000023bad41a5a0 11468       3       java.nio.channels.spi.AbstractSelector::deregister (12 bytes)
Event: 226.230 Thread 0x0000023bad41a5a0 nmethod 11468 0x0000023b927ae890 code [0x0000023b927aea40, 0x0000023b927aee68]
Event: 226.230 Thread 0x0000023bad41a5a0 11470   !   3       sun.nio.ch.SocketChannelImpl::tryFinishClose (10 bytes)
Event: 226.230 Thread 0x0000023bad41a5a0 nmethod 11470 0x0000023b92b23010 code [0x0000023b92b231c0, 0x0000023b92b23348]
Event: 226.230 Thread 0x0000023bad41a5a0 11473   !   3       sun.nio.ch.SelectorImpl::register (115 bytes)
Event: 226.231 Thread 0x0000023bad41a5a0 nmethod 11473 0x0000023b92cd2990 code [0x0000023b92cd2ce0, 0x0000023b92cd4478]
Event: 226.231 Thread 0x0000023bad41a5a0 11474       3       java.nio.channels.SelectionKey::attach (9 bytes)
Event: 226.231 Thread 0x0000023bad41a5a0 nmethod 11474 0x0000023b93236b90 code [0x0000023b93236e20, 0x0000023b93237bd8]
Event: 226.231 Thread 0x0000023bad41a5a0 11475       3       java.nio.channels.spi.AbstractSelectableChannel::addKey (162 bytes)
Event: 226.232 Thread 0x0000023bad41a5a0 nmethod 11475 0x0000023b92647190 code [0x0000023b92647380, 0x0000023b92647cb8]
Event: 226.270 Thread 0x0000023bad4117d0 11476   !   4       sun.nio.ch.IOUtil::read (133 bytes)

GC Heap History (20 events):
Event: 214.110 GC heap before
{Heap before GC invocations=111 (full 0):
 garbage-first heap   total 110592K, used 91393K [0x0000000701e00000, 0x0000000800000000)
  region size 2048K, 32 young (65536K), 1 survivors (2048K)
 Metaspace       used 66667K, committed 67200K, reserved 1114112K
  class space    used 8716K, committed 8960K, reserved 1048576K
}
Event: 214.111 GC heap after
{Heap after GC invocations=112 (full 0):
 garbage-first heap   total 110592K, used 29941K [0x0000000701e00000, 0x0000000800000000)
  region size 2048K, 1 young (2048K), 1 survivors (2048K)
 Metaspace       used 66667K, committed 67200K, reserved 1114112K
  class space    used 8716K, committed 8960K, reserved 1048576K
}
Event: 215.329 GC heap before
{Heap before GC invocations=112 (full 0):
 garbage-first heap   total 110592K, used 91381K [0x0000000701e00000, 0x0000000800000000)
  region size 2048K, 32 young (65536K), 1 survivors (2048K)
 Metaspace       used 66667K, committed 67200K, reserved 1114112K
  class space    used 8716K, committed 8960K, reserved 1048576K
}
Event: 215.330 GC heap after
{Heap after GC invocations=113 (full 0):
 garbage-first heap   total 110592K, used 29963K [0x0000000701e00000, 0x0000000800000000)
  region size 2048K, 1 young (2048K), 1 survivors (2048K)
 Metaspace       used 66667K, committed 67200K, reserved 1114112K
  class space    used 8716K, committed 8960K, reserved 1048576K
}
Event: 216.569 GC heap before
{Heap before GC invocations=113 (full 0):
 garbage-first heap   total 110592K, used 91403K [0x0000000701e00000, 0x0000000800000000)
  region size 2048K, 32 young (65536K), 1 survivors (2048K)
 Metaspace       used 66672K, committed 67200K, reserved 1114112K
  class space    used 8716K, committed 8960K, reserved 1048576K
}
Event: 216.570 GC heap after
{Heap after GC invocations=114 (full 0):
 garbage-first heap   total 110592K, used 29961K [0x0000000701e00000, 0x0000000800000000)
  region size 2048K, 1 young (2048K), 1 survivors (2048K)
 Metaspace       used 66672K, committed 67200K, reserved 1114112K
  class space    used 8716K, committed 8960K, reserved 1048576K
}
Event: 217.836 GC heap before
{Heap before GC invocations=114 (full 0):
 garbage-first heap   total 110592K, used 91401K [0x0000000701e00000, 0x0000000800000000)
  region size 2048K, 32 young (65536K), 1 survivors (2048K)
 Metaspace       used 66672K, committed 67200K, reserved 1114112K
  class space    used 8716K, committed 8960K, reserved 1048576K
}
Event: 217.837 GC heap after
{Heap after GC invocations=115 (full 0):
 garbage-first heap   total 110592K, used 29965K [0x0000000701e00000, 0x0000000800000000)
  region size 2048K, 1 young (2048K), 1 survivors (2048K)
 Metaspace       used 66672K, committed 67200K, reserved 1114112K
  class space    used 8716K, committed 8960K, reserved 1048576K
}
Event: 219.362 GC heap before
{Heap before GC invocations=115 (full 0):
 garbage-first heap   total 110592K, used 91405K [0x0000000701e00000, 0x0000000800000000)
  region size 2048K, 32 young (65536K), 1 survivors (2048K)
 Metaspace       used 66672K, committed 67200K, reserved 1114112K
  class space    used 8716K, committed 8960K, reserved 1048576K
}
Event: 219.363 GC heap after
{Heap after GC invocations=116 (full 0):
 garbage-first heap   total 110592K, used 29963K [0x0000000701e00000, 0x0000000800000000)
  region size 2048K, 1 young (2048K), 1 survivors (2048K)
 Metaspace       used 66672K, committed 67200K, reserved 1114112K
  class space    used 8716K, committed 8960K, reserved 1048576K
}
Event: 220.517 GC heap before
{Heap before GC invocations=116 (full 0):
 garbage-first heap   total 110592K, used 91403K [0x0000000701e00000, 0x0000000800000000)
  region size 2048K, 32 young (65536K), 1 survivors (2048K)
 Metaspace       used 66672K, committed 67200K, reserved 1114112K
  class space    used 8716K, committed 8960K, reserved 1048576K
}
Event: 220.518 GC heap after
{Heap after GC invocations=117 (full 0):
 garbage-first heap   total 110592K, used 29975K [0x0000000701e00000, 0x0000000800000000)
  region size 2048K, 1 young (2048K), 1 survivors (2048K)
 Metaspace       used 66672K, committed 67200K, reserved 1114112K
  class space    used 8716K, committed 8960K, reserved 1048576K
}
Event: 221.686 GC heap before
{Heap before GC invocations=117 (full 0):
 garbage-first heap   total 110592K, used 91415K [0x0000000701e00000, 0x0000000800000000)
  region size 2048K, 32 young (65536K), 1 survivors (2048K)
 Metaspace       used 66672K, committed 67200K, reserved 1114112K
  class space    used 8716K, committed 8960K, reserved 1048576K
}
Event: 221.687 GC heap after
{Heap after GC invocations=118 (full 0):
 garbage-first heap   total 110592K, used 29947K [0x0000000701e00000, 0x0000000800000000)
  region size 2048K, 1 young (2048K), 1 survivors (2048K)
 Metaspace       used 66672K, committed 67200K, reserved 1114112K
  class space    used 8716K, committed 8960K, reserved 1048576K
}
Event: 223.199 GC heap before
{Heap before GC invocations=118 (full 0):
 garbage-first heap   total 110592K, used 91387K [0x0000000701e00000, 0x0000000800000000)
  region size 2048K, 32 young (65536K), 1 survivors (2048K)
 Metaspace       used 66672K, committed 67200K, reserved 1114112K
  class space    used 8716K, committed 8960K, reserved 1048576K
}
Event: 223.200 GC heap after
{Heap after GC invocations=119 (full 0):
 garbage-first heap   total 110592K, used 29965K [0x0000000701e00000, 0x0000000800000000)
  region size 2048K, 1 young (2048K), 1 survivors (2048K)
 Metaspace       used 66672K, committed 67200K, reserved 1114112K
  class space    used 8716K, committed 8960K, reserved 1048576K
}
Event: 224.571 GC heap before
{Heap before GC invocations=119 (full 0):
 garbage-first heap   total 110592K, used 91405K [0x0000000701e00000, 0x0000000800000000)
  region size 2048K, 32 young (65536K), 1 survivors (2048K)
 Metaspace       used 66672K, committed 67200K, reserved 1114112K
  class space    used 8716K, committed 8960K, reserved 1048576K
}
Event: 224.572 GC heap after
{Heap after GC invocations=120 (full 0):
 garbage-first heap   total 110592K, used 29975K [0x0000000701e00000, 0x0000000800000000)
  region size 2048K, 1 young (2048K), 1 survivors (2048K)
 Metaspace       used 66672K, committed 67200K, reserved 1114112K
  class space    used 8716K, committed 8960K, reserved 1048576K
}
Event: 225.729 GC heap before
{Heap before GC invocations=120 (full 0):
 garbage-first heap   total 110592K, used 91415K [0x0000000701e00000, 0x0000000800000000)
  region size 2048K, 32 young (65536K), 1 survivors (2048K)
 Metaspace       used 66672K, committed 67200K, reserved 1114112K
  class space    used 8716K, committed 8960K, reserved 1048576K
}
Event: 225.730 GC heap after
{Heap after GC invocations=121 (full 0):
 garbage-first heap   total 110592K, used 29975K [0x0000000701e00000, 0x0000000800000000)
  region size 2048K, 1 young (2048K), 1 survivors (2048K)
 Metaspace       used 66672K, committed 67200K, reserved 1114112K
  class space    used 8716K, committed 8960K, reserved 1048576K
}

Deoptimization events (20 events):
Event: 113.370 Thread 0x0000023bb2866c40 Uncommon trap: trap_request=0xffffff54 fr.pc=0x0000023b9a30d8f4 relative=0x00000000000001b4
Event: 113.370 Thread 0x0000023bb2866c40 Uncommon trap: reason=speculate_null_assert action=make_not_entrant pc=0x0000023b9a30d8f4 method=org.hibernate.internal.util.NullnessHelper.lambda$coalesceSuppliedValues$0(Ljava/lang/Object;)Ljava/lang/Boolean; @ 18 c2
Event: 113.370 Thread 0x0000023bb2866c40 DEOPT PACKING pc=0x0000023b9a30d8f4 sp=0x000000b7dbcfc840
Event: 113.370 Thread 0x0000023bb2866c40 DEOPT UNPACKING pc=0x0000023b91f923a3 sp=0x000000b7dbcfc628 mode 2
Event: 113.447 Thread 0x0000023bb2860c00 Uncommon trap: trap_request=0xffffff54 fr.pc=0x0000023b9a312a4c relative=0x000000000000020c
Event: 113.447 Thread 0x0000023bb2860c00 Uncommon trap: reason=speculate_null_assert action=make_not_entrant pc=0x0000023b9a312a4c method=org.hibernate.internal.util.NullnessHelper.lambda$coalesceSuppliedValues$0(Ljava/lang/Object;)Ljava/lang/Boolean; @ 18 c2
Event: 113.447 Thread 0x0000023bb2860c00 DEOPT PACKING pc=0x0000023b9a312a4c sp=0x000000b7dc0fc4c0
Event: 113.447 Thread 0x0000023bb2860c00 DEOPT UNPACKING pc=0x0000023b91f923a3 sp=0x000000b7dc0fc250 mode 2
Event: 114.158 Thread 0x0000023bb2865430 Uncommon trap: trap_request=0xffffff6e fr.pc=0x0000023b9a328a1c relative=0x000000000000073c
Event: 114.158 Thread 0x0000023bb2865430 Uncommon trap: reason=loop_limit_check action=maybe_recompile pc=0x0000023b9a328a1c method=org.hibernate.query.sqm.tree.select.SqmQuerySpec.containsCollectionFetches()Z @ 21 c2
Event: 114.158 Thread 0x0000023bb2865430 DEOPT PACKING pc=0x0000023b9a328a1c sp=0x000000b7dbdfca20
Event: 114.158 Thread 0x0000023bb2865430 DEOPT UNPACKING pc=0x0000023b91f923a3 sp=0x000000b7dbdfc9d0 mode 2
Event: 226.136 Thread 0x0000023bb2860c00 Uncommon trap: trap_request=0xffffff45 fr.pc=0x0000023b9a07fd78 relative=0x0000000000001f78
Event: 226.136 Thread 0x0000023bb2860c00 Uncommon trap: reason=unstable_if action=reinterpret pc=0x0000023b9a07fd78 method=org.apache.tomcat.util.net.NioEndpoint$NioSocketWrapper.fillReadBuffer(ZLjava/nio/ByteBuffer;)I @ 217 c2
Event: 226.136 Thread 0x0000023bb2860c00 DEOPT PACKING pc=0x0000023b9a07fd78 sp=0x000000b7dc0febc0
Event: 226.136 Thread 0x0000023bb2860c00 DEOPT UNPACKING pc=0x0000023b91f923a3 sp=0x000000b7dc0feaa8 mode 2
Event: 226.136 Thread 0x0000023bb2860c00 Uncommon trap: trap_request=0xffffff45 fr.pc=0x0000023b9a36aae8 relative=0x0000000000001b68
Event: 226.136 Thread 0x0000023bb2860c00 Uncommon trap: reason=unstable_if action=reinterpret pc=0x0000023b9a36aae8 method=org.apache.coyote.http11.Http11Processor.service(Lorg/apache/tomcat/util/net/SocketWrapperBase;)Lorg/apache/tomcat/util/net/AbstractEndpoint$Handler$SocketState; @ 1153 c2
Event: 226.136 Thread 0x0000023bb2860c00 DEOPT PACKING pc=0x0000023b9a36aae8 sp=0x000000b7dc0fed20
Event: 226.136 Thread 0x0000023bb2860c00 DEOPT UNPACKING pc=0x0000023b91f923a3 sp=0x000000b7dc0fecc0 mode 2

Classes unloaded (1 events):
Event: 43.270 Thread 0x0000023bad3f38e0 Unloading class 0x0000000801389400 'jdk/internal/reflect/GeneratedSerializationConstructorAccessor1'

Classes redefined (0 events):
No events

Internal exceptions (20 events):
Event: 226.218 Thread 0x0000023bb2866770 Exception <a 'java/net/SocketException'{0x00000007075fe4a0}: Connection reset by peer: shutdown> (0x00000007075fe4a0) 
thrown [s\src\hotspot\share\prims\jni.cpp, line 535]
Event: 226.222 Thread 0x0000023bb2865900 Exception <a 'java/net/SocketException'{0x0000000707255418}: Connection reset by peer: shutdown> (0x0000000707255418) 
thrown [s\src\hotspot\share\prims\jni.cpp, line 535]
Event: 226.225 Thread 0x0000023bb28675e0 Exception <a 'java/net/SocketException'{0x0000000707285ea8}: Connection reset by peer: shutdown> (0x0000000707285ea8) 
thrown [s\src\hotspot\share\prims\jni.cpp, line 535]
Event: 226.229 Thread 0x0000023bb28645c0 Exception <a 'java/net/SocketException'{0x00000007072b19a0}: Connection reset by peer: shutdown> (0x00000007072b19a0) 
thrown [s\src\hotspot\share\prims\jni.cpp, line 535]
Event: 226.232 Thread 0x0000023bb28615a0 Exception <a 'java/net/SocketException'{0x0000000706e4c758}: Connection reset by peer: shutdown> (0x0000000706e4c758) 
thrown [s\src\hotspot\share\prims\jni.cpp, line 535]
Event: 226.235 Thread 0x0000023bb2866770 Exception <a 'java/net/SocketException'{0x00000007075feb00}: Connection reset by peer: shutdown> (0x00000007075feb00) 
thrown [s\src\hotspot\share\prims\jni.cpp, line 535]
Event: 226.239 Thread 0x0000023bb2865900 Exception <a 'java/net/SocketException'{0x0000000707255a78}: Connection reset by peer: shutdown> (0x0000000707255a78) 
thrown [s\src\hotspot\share\prims\jni.cpp, line 535]
Event: 226.243 Thread 0x0000023bb28675e0 Exception <a 'java/net/SocketException'{0x0000000707286508}: Connection reset by peer: shutdown> (0x0000000707286508) 
thrown [s\src\hotspot\share\prims\jni.cpp, line 535]
Event: 226.247 Thread 0x0000023bb28645c0 Exception <a 'java/net/SocketException'{0x00000007072b2000}: Connection reset by peer: shutdown> (0x00000007072b2000) 
thrown [s\src\hotspot\share\prims\jni.cpp, line 535]
Event: 226.251 Thread 0x0000023bb28615a0 Exception <a 'java/net/SocketException'{0x0000000706e4cdb8}: Connection reset by peer: shutdown> (0x0000000706e4cdb8) 
thrown [s\src\hotspot\share\prims\jni.cpp, line 535]
Event: 226.254 Thread 0x0000023bb2866770 Exception <a 'java/net/SocketException'{0x00000007075ff160}: Connection reset by peer: shutdown> (0x00000007075ff160) 
thrown [s\src\hotspot\share\prims\jni.cpp, line 535]
Event: 226.257 Thread 0x0000023bb2865900 Exception <a 'java/net/SocketException'{0x00000007072560d8}: Connection reset by peer: shutdown> (0x00000007072560d8) 
thrown [s\src\hotspot\share\prims\jni.cpp, line 535]
Event: 226.260 Thread 0x0000023bb28675e0 Exception <a 'java/net/SocketException'{0x0000000707286b68}: Connection reset by peer: shutdown> (0x0000000707286b68) 
thrown [s\src\hotspot\share\prims\jni.cpp, line 535]
Event: 226.264 Thread 0x0000023bb28645c0 Exception <a 'java/net/SocketException'{0x00000007072b2660}: Connection reset by peer: shutdown> (0x00000007072b2660) 
thrown [s\src\hotspot\share\prims\jni.cpp, line 535]
Event: 226.267 Thread 0x0000023bb28615a0 Exception <a 'java/net/SocketException'{0x0000000706e4d418}: Connection reset by peer: shutdown> (0x0000000706e4d418) 
thrown [s\src\hotspot\share\prims\jni.cpp, line 535]
Event: 226.270 Thread 0x0000023bb2866770 Exception <a 'java/net/SocketException'{0x00000007075ff7c0}: Connection reset by peer: shutdown> (0x00000007075ff7c0) 
thrown [s\src\hotspot\share\prims\jni.cpp, line 535]
Event: 226.274 Thread 0x0000023bb2865900 Exception <a 'java/net/SocketException'{0x0000000707256738}: Connection reset by peer: shutdown> (0x0000000707256738) 
thrown [s\src\hotspot\share\prims\jni.cpp, line 535]
Event: 226.277 Thread 0x0000023bb28675e0 Exception <a 'java/net/SocketException'{0x00000007072871c8}: Connection reset by peer: shutdown> (0x00000007072871c8) 
thrown [s\src\hotspot\share\prims\jni.cpp, line 535]
Event: 226.281 Thread 0x0000023bb28645c0 Exception <a 'java/net/SocketException'{0x00000007072b2cc0}: Connection reset by peer: shutdown> (0x00000007072b2cc0) 
thrown [s\src\hotspot\share\prims\jni.cpp, line 535]
Event: 226.284 Thread 0x0000023bb28615a0 Exception <a 'java/net/SocketException'{0x0000000706e4da78}: Connection reset by peer: shutdown> (0x0000000706e4da78) 
thrown [s\src\hotspot\share\prims\jni.cpp, line 535]

VM Operations (20 events):
Event: 214.110 Executing VM operation: G1CollectForAllocation
Event: 214.111 Executing VM operation: G1CollectForAllocation done
Event: 215.329 Executing VM operation: G1CollectForAllocation
Event: 215.330 Executing VM operation: G1CollectForAllocation done
Event: 216.569 Executing VM operation: G1CollectForAllocation
Event: 216.570 Executing VM operation: G1CollectForAllocation done
Event: 217.836 Executing VM operation: G1CollectForAllocation
Event: 217.837 Executing VM operation: G1CollectForAllocation done
Event: 219.362 Executing VM operation: G1CollectForAllocation
Event: 219.363 Executing VM operation: G1CollectForAllocation done
Event: 220.517 Executing VM operation: G1CollectForAllocation
Event: 220.518 Executing VM operation: G1CollectForAllocation done
Event: 221.686 Executing VM operation: G1CollectForAllocation
Event: 221.687 Executing VM operation: G1CollectForAllocation done
Event: 223.199 Executing VM operation: G1CollectForAllocation
Event: 223.200 Executing VM operation: G1CollectForAllocation done
Event: 224.571 Executing VM operation: G1CollectForAllocation
Event: 224.572 Executing VM operation: G1CollectForAllocation done
Event: 225.729 Executing VM operation: G1CollectForAllocation
Event: 225.730 Executing VM operation: G1CollectForAllocation done

Events (20 events):
Event: 112.892 Thread 0x0000023bad427ac0 flushing nmethod 0x0000023b93842f10
Event: 113.940 Thread 0x0000023baf3f27c0 Thread exited: 0x0000023baf3f27c0
Event: 113.951 Thread 0x0000023baf3f27c0 Thread added: 0x0000023baf3f27c0
Event: 114.422 Thread 0x0000023baf3f27c0 Thread exited: 0x0000023baf3f27c0
Event: 115.033 Thread 0x0000023baf3f27c0 Thread added: 0x0000023baf3f27c0
Event: 116.725 Thread 0x0000023baf3f27c0 Thread exited: 0x0000023baf3f27c0
Event: 116.763 Thread 0x0000023baf3f27c0 Thread added: 0x0000023baf3f27c0
Event: 117.407 Thread 0x0000023baf3f27c0 Thread exited: 0x0000023baf3f27c0
Event: 118.511 Thread 0x0000023baf3f27c0 Thread added: 0x0000023baf3f27c0
Event: 119.197 Thread 0x0000023baf3f27c0 Thread exited: 0x0000023baf3f27c0
Event: 119.216 Thread 0x0000023baf3f27c0 Thread added: 0x0000023baf3f27c0
Event: 119.289 Thread 0x0000023bb30b7940 Thread added: 0x0000023bb30b7940
Event: 119.667 Thread 0x0000023bb30b7940 Thread exited: 0x0000023bb30b7940
Event: 119.703 Thread 0x0000023bb30b7940 Thread added: 0x0000023bb30b7940
Event: 120.016 Thread 0x0000023bb30b7940 Thread exited: 0x0000023bb30b7940
Event: 121.298 Thread 0x0000023baf3f27c0 Thread exited: 0x0000023baf3f27c0
Event: 122.539 Thread 0x0000023baf3f27c0 Thread added: 0x0000023baf3f27c0
Event: 122.539 Thread 0x0000023bb30b7940 Thread added: 0x0000023bb30b7940
Event: 123.527 Thread 0x0000023bb30b7940 Thread exited: 0x0000023bb30b7940
Event: 123.527 Thread 0x0000023baf3f27c0 Thread exited: 0x0000023baf3f27c0


Dynamic libraries:
0x00007ff7617a0000 - 0x00007ff7617ad000 	C:\Users\joan_\.jdks\corretto-17.0.4.1\bin\java.exe
0x00007ffbe74f0000 - 0x00007ffbe76e8000 	C:\WINDOWS\SYSTEM32\ntdll.dll
0x00007ffbe5630000 - 0x00007ffbe56ef000 	C:\WINDOWS\System32\KERNEL32.DLL
0x00007ffbe5250000 - 0x00007ffbe5546000 	C:\WINDOWS\System32\KERNELBASE.dll
0x00007ffbe4f10000 - 0x00007ffbe5010000 	C:\WINDOWS\System32\ucrtbase.dll
0x00007ffbc5f90000 - 0x00007ffbc5fa8000 	C:\Users\joan_\.jdks\corretto-17.0.4.1\bin\jli.dll
0x00007ffbc3010000 - 0x00007ffbc3025000 	C:\Users\joan_\.jdks\corretto-17.0.4.1\bin\VCRUNTIME140.dll
0x00007ffbe5980000 - 0x00007ffbe5b1d000 	C:\WINDOWS\System32\USER32.dll
0x00007ffbd2890000 - 0x00007ffbd2b2a000 	C:\WINDOWS\WinSxS\amd64_microsoft.windows.common-controls_6595b64144ccf1df_6.0.19041.1110_none_60b5254171f9507e\COMCTL32.dll
0x00007ffbe4d20000 - 0x00007ffbe4d42000 	C:\WINDOWS\System32\win32u.dll
0x00007ffbe57a0000 - 0x00007ffbe57cc000 	C:\WINDOWS\System32\GDI32.dll
0x00007ffbe6fd0000 - 0x00007ffbe706e000 	C:\WINDOWS\System32\msvcrt.dll
0x00007ffbe4df0000 - 0x00007ffbe4f05000 	C:\WINDOWS\System32\gdi32full.dll
0x00007ffbe4d50000 - 0x00007ffbe4ded000 	C:\WINDOWS\System32\msvcp_win.dll
0x00007ffbe5600000 - 0x00007ffbe5630000 	C:\WINDOWS\System32\IMM32.DLL
0x00007ffb990d0000 - 0x00007ffb9916b000 	C:\Users\joan_\.jdks\corretto-17.0.4.1\bin\msvcp140.dll
0x00007ffb97c50000 - 0x00007ffb98864000 	C:\Users\joan_\.jdks\corretto-17.0.4.1\bin\server\jvm.dll
0x00007ffbe56f0000 - 0x00007ffbe579f000 	C:\WINDOWS\System32\ADVAPI32.dll
0x00007ffbe6df0000 - 0x00007ffbe6e8c000 	C:\WINDOWS\System32\sechost.dll
0x00007ffbe5bd0000 - 0x00007ffbe5cf6000 	C:\WINDOWS\System32\RPCRT4.dll
0x00007ffbe7070000 - 0x00007ffbe7078000 	C:\WINDOWS\System32\PSAPI.DLL
0x00007ffbcacd0000 - 0x00007ffbcacd9000 	C:\WINDOWS\SYSTEM32\WSOCK32.dll
0x00007ffbda650000 - 0x00007ffbda65a000 	C:\WINDOWS\SYSTEM32\VERSION.dll
0x00007ffbe7440000 - 0x00007ffbe74ab000 	C:\WINDOWS\System32\WS2_32.dll
0x00007ffbd4730000 - 0x00007ffbd4757000 	C:\WINDOWS\SYSTEM32\WINMM.dll
0x00007ffbe2a40000 - 0x00007ffbe2a52000 	C:\WINDOWS\SYSTEM32\kernel.appcore.dll
0x00007ffbcb1e0000 - 0x00007ffbcb1ea000 	C:\Users\joan_\.jdks\corretto-17.0.4.1\bin\jimage.dll
0x00007ffbca280000 - 0x00007ffbca464000 	C:\WINDOWS\SYSTEM32\DBGHELP.DLL
0x00007ffbca1b0000 - 0x00007ffbca1e4000 	C:\WINDOWS\SYSTEM32\dbgcore.DLL
0x00007ffbe4c90000 - 0x00007ffbe4d12000 	C:\WINDOWS\System32\bcryptPrimitives.dll
0x00007ffbe0a30000 - 0x00007ffbe0a3e000 	C:\Users\joan_\.jdks\corretto-17.0.4.1\bin\instrument.dll
0x00007ffbba980000 - 0x00007ffbba9a5000 	C:\Users\joan_\.jdks\corretto-17.0.4.1\bin\java.dll
0x00007ffb98ff0000 - 0x00007ffb990c6000 	C:\Users\joan_\.jdks\corretto-17.0.4.1\bin\jsvml.dll
0x00007ffbe6470000 - 0x00007ffbe6bb4000 	C:\WINDOWS\System32\SHELL32.dll
0x00007ffbe2c40000 - 0x00007ffbe33d4000 	C:\WINDOWS\SYSTEM32\windows.storage.dll
0x00007ffbe70e0000 - 0x00007ffbe7434000 	C:\WINDOWS\System32\combase.dll
0x00007ffbe4610000 - 0x00007ffbe463e000 	C:\WINDOWS\SYSTEM32\Wldp.dll
0x00007ffbe5b20000 - 0x00007ffbe5bcd000 	C:\WINDOWS\System32\SHCORE.dll
0x00007ffbe57d0000 - 0x00007ffbe5825000 	C:\WINDOWS\System32\shlwapi.dll
0x00007ffbe4b00000 - 0x00007ffbe4b25000 	C:\WINDOWS\SYSTEM32\profapi.dll
0x00007ffbbf9f0000 - 0x00007ffbbfa08000 	C:\Users\joan_\.jdks\corretto-17.0.4.1\bin\zip.dll
0x00007ffbc2050000 - 0x00007ffbc2069000 	C:\Users\joan_\.jdks\corretto-17.0.4.1\bin\net.dll
0x00007ffbda170000 - 0x00007ffbda27a000 	C:\WINDOWS\SYSTEM32\WINHTTP.dll
0x00007ffbe4370000 - 0x00007ffbe43da000 	C:\WINDOWS\system32\mswsock.dll
0x00007ffbc1a70000 - 0x00007ffbc1a85000 	C:\Users\joan_\.jdks\corretto-17.0.4.1\bin\nio.dll
0x00007ffbe0110000 - 0x00007ffbe012a000 	E:\intellij\IntelliJ IDEA Community Edition 2022.2.1\bin\breakgen64.dll
0x00007ffbe06f0000 - 0x00007ffbe06f9000 	C:\Users\joan_\.jdks\corretto-17.0.4.1\bin\management.dll
0x00007ffbe06c0000 - 0x00007ffbe06cb000 	C:\Users\joan_\.jdks\corretto-17.0.4.1\bin\management_ext.dll
0x00007ffbe4560000 - 0x00007ffbe4578000 	C:\WINDOWS\SYSTEM32\CRYPTSP.dll
0x00007ffbe3bf0000 - 0x00007ffbe3c24000 	C:\WINDOWS\system32\rsaenh.dll
0x00007ffbe5220000 - 0x00007ffbe5247000 	C:\WINDOWS\System32\bcrypt.dll
0x00007ffbe4a80000 - 0x00007ffbe4aae000 	C:\WINDOWS\SYSTEM32\USERENV.dll
0x00007ffbe4580000 - 0x00007ffbe458c000 	C:\WINDOWS\SYSTEM32\CRYPTBASE.dll
0x00007ffbe3ff0000 - 0x00007ffbe402c000 	C:\WINDOWS\SYSTEM32\IPHLPAPI.DLL
0x00007ffbe6c30000 - 0x00007ffbe6c38000 	C:\WINDOWS\System32\NSI.dll
0x00007ffbdd540000 - 0x00007ffbdd557000 	C:\WINDOWS\SYSTEM32\dhcpcsvc6.DLL
0x00007ffbdd520000 - 0x00007ffbdd53d000 	C:\WINDOWS\SYSTEM32\dhcpcsvc.DLL
0x00007ffbe4040000 - 0x00007ffbe410a000 	C:\WINDOWS\SYSTEM32\DNSAPI.dll
0x00007ffbe0100000 - 0x00007ffbe010e000 	C:\Users\joan_\.jdks\corretto-17.0.4.1\bin\sunmscapi.dll
0x00007ffbe50c0000 - 0x00007ffbe521e000 	C:\WINDOWS\System32\CRYPT32.dll
0x00007ffbe4680000 - 0x00007ffbe46a8000 	C:\WINDOWS\SYSTEM32\ncrypt.dll
0x00007ffbe4640000 - 0x00007ffbe467b000 	C:\WINDOWS\SYSTEM32\NTASN1.dll
0x00007ffbc7620000 - 0x00007ffbc7630000 	C:\Users\joan_\.jdks\corretto-17.0.4.1\bin\verify.dll
0x00007ffbd48a0000 - 0x00007ffbd48aa000 	C:\Windows\System32\rasadhlp.dll
0x00007ffbd3c40000 - 0x00007ffbd3cc2000 	C:\WINDOWS\System32\fwpuclnt.dll
0x00007ffbd48b0000 - 0x00007ffbd48b7000 	C:\WINDOWS\system32\wshunix.dll

dbghelp: loaded successfully - version: 4.0.5 - missing functions: none
symbol engine: initialized successfully - sym options: 0x614 - pdb path: .;C:\Users\joan_\.jdks\corretto-17.0.4.1\bin;C:\WINDOWS\SYSTEM32;C:\WINDOWS\WinSxS\amd64_microsoft.windows.common-controls_6595b64144ccf1df_6.0.19041.1110_none_60b5254171f9507e;C:\Users\joan_\.jdks\corretto-17.0.4.1\bin\server;E:\intellij\IntelliJ IDEA Community Edition 2022.2.1\bin

VM Arguments:
jvm_args: -javaagent:E:\intellij\IntelliJ IDEA Community Edition 2022.2.1\lib\idea_rt.jar=26121:E:\intellij\IntelliJ IDEA Community Edition 2022.2.1\bin -Dfile.encoding=UTF-8 
java_command: com.example.torneos.TorneosApplication
java_class_path (initial): E:\Angular\back-torneos\torneos\target\classes;C:\Users\joan_\.m2\repository\org\springframework\boot\spring-boot-starter-data-jpa\3.1.1\spring-boot-starter-data-jpa-3.1.1.jar;C:\Users\joan_\.m2\repository\org\springframework\boot\spring-boot-starter-aop\3.1.1\spring-boot-starter-aop-3.1.1.jar;C:\Users\joan_\.m2\repository\org\springframework\spring-aop\6.0.10\spring-aop-6.0.10.jar;C:\Users\joan_\.m2\repository\org\aspectj\aspectjweaver\1.9.19\aspectjweaver-1.9.19.jar;C:\Users\joan_\.m2\repository\org\springframework\boot\spring-boot-starter-jdbc\3.1.1\spring-boot-starter-jdbc-3.1.1.jar;C:\Users\joan_\.m2\repository\com\zaxxer\HikariCP\5.0.1\HikariCP-5.0.1.jar;C:\Users\joan_\.m2\repository\org\springframework\spring-jdbc\6.0.10\spring-jdbc-6.0.10.jar;C:\Users\joan_\.m2\repository\org\hibernate\orm\hibernate-core\6.2.5.Final\hibernate-core-6.2.5.Final.jar;C:\Users\joan_\.m2\repository\jakarta\persistence\jakarta.persistence-api\3.1.0\jakarta.persistence-api-3.1.0.jar;C:\Users\joan_\.m2\repository\jakarta\transaction\jakarta.transaction-api\2.0.1\jakarta.transaction-api-2.0.1.jar;C:\Users\joan_\.m2\repository\org\jboss\logging\jboss-logging\3.5.1.Final\jboss-logging-3.5.1.Final.jar;C:\Users\joan_\.m2\repository\org\hibernate\common\hibernate-commons-annotations\6.0.6.Final\hibernate-commons-annotations-6.0.6.Final.jar;C:\Users\joan_\.m2\repository\io\smallrye\jandex\3.0.5\jandex-3.0.5.jar;C:\Users\joan_\.m2\repository\com\fasterxml\classmate\1.5.1\classmate-1.5.1.jar;C:\Users\joan_\.m2\repository\net\bytebuddy\byte-buddy\1.14.5\byte-buddy-1.14.5.jar;C:\Users\joan_\.m2\repository\org\glassfish\jaxb\jaxb-runtime\4.0.3\jaxb-runtime-4.0.3.jar;C:\Users\joan_\.m2\repository\org\glassfish\jaxb\jaxb-core\4.0.3\jaxb-core-4.0.3.jar;C:\Users\joan_\.m2\repository\org\eclipse\angus\angus-activation\2.0.1\angus-activation-2.0.1.jar;C:\Users\joan_\.m2\repository\org\glassfish\jaxb\txw2\4.0.3\txw2-4.0.3.jar;C:\Users\joan_\.m2\repository\com\sun\istack\ist
Launcher Type: SUN_STANDARD

[Global flags]
     intx CICompilerCount                          = 4                                         {product} {ergonomic}
     uint ConcGCThreads                            = 2                                         {product} {ergonomic}
     uint G1ConcRefinementThreads                  = 8                                         {product} {ergonomic}
   size_t G1HeapRegionSize                         = 2097152                                   {product} {ergonomic}
    uintx GCDrainStackTargetSize                   = 64                                        {product} {ergonomic}
   size_t InitialHeapSize                          = 268435456                                 {product} {ergonomic}
   size_t MarkStackSize                            = 4194304                                   {product} {ergonomic}
   size_t MaxHeapSize                              = 4263510016                                {product} {ergonomic}
   size_t MaxNewSize                               = 2556428288                                {product} {ergonomic}
   size_t MinHeapDeltaBytes                        = 2097152                                   {product} {ergonomic}
   size_t MinHeapSize                              = 8388608                                   {product} {ergonomic}
    uintx NonNMethodCodeHeapSize                   = 5839372                                {pd product} {ergonomic}
    uintx NonProfiledCodeHeapSize                  = 122909434                              {pd product} {ergonomic}
    uintx ProfiledCodeHeapSize                     = 122909434                              {pd product} {ergonomic}
    uintx ReservedCodeCacheSize                    = 251658240                              {pd product} {ergonomic}
     bool SegmentedCodeCache                       = true                                      {product} {ergonomic}
   size_t SoftMaxHeapSize                          = 4263510016                             {manageable} {ergonomic}
     bool UseCompressedClassPointers               = true                           {product lp64_product} {ergonomic}
     bool UseCompressedOops                        = true                           {product lp64_product} {ergonomic}
     bool UseG1GC                                  = true                                      {product} {ergonomic}
     bool UseLargePagesIndividualAllocation        = false                                  {pd product} {ergonomic}

Logging:
Log output configuration:
 #0: stdout all=warning uptime,level,tags
 #1: stderr all=off uptime,level,tags

Environment Variables:
JAVA_HOME=C:\Program Files\Java\jdk1.8.0_221
PATH=C:\Program Files\Common Files\Oracle\Java\javapath;E:\oracle\dbhomeXE\bin;C:\WINDOWS\system32;C:\WINDOWS;C:\WINDOWS\System32\Wbem;C:\WINDOWS\System32\WindowsPowerShell\v1.0\;C:\WINDOWS\System32\OpenSSH\;C:\Program Files\Git\cmd;C:\xampp\php;C:\Program Files\Java\jdk1.8.0_221\bin;C:\Program Files\PostgreSQL\12\bin;C:\Program Files\nodejs\;C:\Users\joan_\AppData\Local\Microsoft\WindowsApps;C:\Users\joan_\AppData\Local\Programs\Microsoft VS Code\bin;C:\Program Files\Java\jdk1.8.0_221\bin;C:\Gradle\gradle-7.4.2\bin;E:\intellij\IntelliJ IDEA Community Edition 2022.2.1\bin;;C:\Users\joan_\AppData\Roaming\npm
USERNAME=joan_
OS=Windows_NT
PROCESSOR_IDENTIFIER=Intel64 Family 6 Model 158 Stepping 9, GenuineIntel
TMP=C:\Users\joan_\AppData\Local\Temp
TEMP=C:\Users\joan_\AppData\Local\Temp



---------------  S Y S T E M  ---------------

OS:
 Windows 10 , 64 bit Build 19041 (10.0.19041.3155)
OS uptime: 18 days 8:22 hours
Hyper-V role detected

CPU: total 8 (initial active 8) (4 cores per cpu, 2 threads per core) family 6 model 158 stepping 9 microcode 0xb4, cx8, cmov, fxsr, ht, mmx, 3dnowpref, sse, sse2, sse3, ssse3, sse4.1, sse4.2, popcnt, lzcnt, tsc, tscinvbit, avx, avx2, aes, erms, clmul, bmi1, bmi2, adx, fma, vzeroupper, clflush, clflushopt, hv

Memory: 4k page, system-wide physical 16259M (3099M free)
TotalPageFile size 35745M (AvailPageFile size 2M)
current process WorkingSet (physical memory assigned to process): 291M, peak: 323M
current process commit charge ("private bytes"): 332M, peak: 414M

vm_info: OpenJDK 64-Bit Server VM (17.0.4.1+9-LTS) for windows-amd64 JRE (17.0.4.1+9-LTS), built on Aug 12 2022 17:33:36 by "Administrator" with MS VC++ 15.9 (VS2017)

END.
